19:59:04 **** Build of project Lab_1_bsp ****
make -k all 
"Running Make include in ps7_cortexa9_0/libsrc/coresightps_dcc_v1_4/src"
make -C ps7_cortexa9_0/libsrc/coresightps_dcc_v1_4/src -s include  "SHELL=CMD" "COMPILER=arm-none-eabi-gcc" "ARCHIVER=arm-none-eabi-ar" "COMPILER_FLAGS=  -O2 -c" "EXTRA_COMPILER_FLAGS=-mcpu=cortex-a9 -mfpu=vfpv3 -mfloat-abi=hard -nostartfiles -g -Wall -Wextra"
"Running Make include in ps7_cortexa9_0/libsrc/cpu_cortexa9_v2_7/src"
make -C ps7_cortexa9_0/libsrc/cpu_cortexa9_v2_7/src -s include  "SHELL=CMD" "COMPILER=arm-none-eabi-gcc" "ARCHIVER=arm-none-eabi-ar" "COMPILER_FLAGS=  -O2 -c" "EXTRA_COMPILER_FLAGS=-mcpu=cortex-a9 -mfpu=vfpv3 -mfloat-abi=hard -nostartfiles -g -Wall -Wextra"
"Running Make include in ps7_cortexa9_0/libsrc/ddrps_v1_0/src"
make -C ps7_cortexa9_0/libsrc/ddrps_v1_0/src -s include  "SHELL=CMD" "COMPILER=arm-none-eabi-gcc" "ARCHIVER=arm-none-eabi-ar" "COMPILER_FLAGS=  -O2 -c" "EXTRA_COMPILER_FLAGS=-mcpu=cortex-a9 -mfpu=vfpv3 -mfloat-abi=hard -nostartfiles -g -Wall -Wextra"
"Running Make include in ps7_cortexa9_0/libsrc/devcfg_v3_5/src"
make -C ps7_cortexa9_0/libsrc/devcfg_v3_5/src -s include  "SHELL=CMD" "COMPILER=arm-none-eabi-gcc" "ARCHIVER=arm-none-eabi-ar" "COMPILER_FLAGS=  -O2 -c" "EXTRA_COMPILER_FLAGS=-mcpu=cortex-a9 -mfpu=vfpv3 -mfloat-abi=hard -nostartfiles -g -Wall -Wextra"
"Running Make include in ps7_cortexa9_0/libsrc/dmaps_v2_4/src"
make -C ps7_cortexa9_0/libsrc/dmaps_v2_4/src -s include  "SHELL=CMD" "COMPILER=arm-none-eabi-gcc" "ARCHIVER=arm-none-eabi-ar" "COMPILER_FLAGS=  -O2 -c" "EXTRA_COMPILER_FLAGS=-mcpu=cortex-a9 -mfpu=vfpv3 -mfloat-abi=hard -nostartfiles -g -Wall -Wextra"
"Running Make include in ps7_cortexa9_0/libsrc/emacps_v3_8/src"
make -C ps7_cortexa9_0/libsrc/emacps_v3_8/src -s include  "SHELL=CMD" "COMPILER=arm-none-eabi-gcc" "ARCHIVER=arm-none-eabi-ar" "COMPILER_FLAGS=  -O2 -c" "EXTRA_COMPILER_FLAGS=-mcpu=cortex-a9 -mfpu=vfpv3 -mfloat-abi=hard -nostartfiles -g -Wall -Wextra"
"Running Make include in ps7_cortexa9_0/libsrc/gpiops_v3_4/src"
make -C ps7_cortexa9_0/libsrc/gpiops_v3_4/src -s include  "SHELL=CMD" "COMPILER=arm-none-eabi-gcc" "ARCHIVER=arm-none-eabi-ar" "COMPILER_FLAGS=  -O2 -c" "EXTRA_COMPILER_FLAGS=-mcpu=cortex-a9 -mfpu=vfpv3 -mfloat-abi=hard -nostartfiles -g -Wall -Wextra"
"Running Make include in ps7_cortexa9_0/libsrc/qspips_v3_5/src"
make -C ps7_cortexa9_0/libsrc/qspips_v3_5/src -s include  "SHELL=CMD" "COMPILER=arm-none-eabi-gcc" "ARCHIVER=arm-none-eabi-ar" "COMPILER_FLAGS=  -O2 -c" "EXTRA_COMPILER_FLAGS=-mcpu=cortex-a9 -mfpu=vfpv3 -mfloat-abi=hard -nostartfiles -g -Wall -Wextra"
"Running Make include in ps7_cortexa9_0/libsrc/scugic_v3_10/src"
make -C ps7_cortexa9_0/libsrc/scugic_v3_10/src -s include  "SHELL=CMD" "COMPILER=arm-none-eabi-gcc" "ARCHIVER=arm-none-eabi-ar" "COMPILER_FLAGS=  -O2 -c" "EXTRA_COMPILER_FLAGS=-mcpu=cortex-a9 -mfpu=vfpv3 -mfloat-abi=hard -nostartfiles -g -Wall -Wextra"
"Running Make include in ps7_cortexa9_0/libsrc/scutimer_v2_1/src"
make -C ps7_cortexa9_0/libsrc/scutimer_v2_1/src -s include  "SHELL=CMD" "COMPILER=arm-none-eabi-gcc" "ARCHIVER=arm-none-eabi-ar" "COMPILER_FLAGS=  -O2 -c" "EXTRA_COMPILER_FLAGS=-mcpu=cortex-a9 -mfpu=vfpv3 -mfloat-abi=hard -nostartfiles -g -Wall -Wextra"
"Running Make include in ps7_cortexa9_0/libsrc/scuwdt_v2_1/src"
make -C ps7_cortexa9_0/libsrc/scuwdt_v2_1/src -s include  "SHELL=CMD" "COMPILER=arm-none-eabi-gcc" "ARCHIVER=arm-none-eabi-ar" "COMPILER_FLAGS=  -O2 -c" "EXTRA_COMPILER_FLAGS=-mcpu=cortex-a9 -mfpu=vfpv3 -mfloat-abi=hard -nostartfiles -g -Wall -Wextra"
"Running Make include in ps7_cortexa9_0/libsrc/sdps_v3_6/src"
make -C ps7_cortexa9_0/libsrc/sdps_v3_6/src -s include  "SHELL=CMD" "COMPILER=arm-none-eabi-gcc" "ARCHIVER=arm-none-eabi-ar" "COMPILER_FLAGS=  -O2 -c" "EXTRA_COMPILER_FLAGS=-mcpu=cortex-a9 -mfpu=vfpv3 -mfloat-abi=hard -nostartfiles -g -Wall -Wextra"
"Running Make include in ps7_cortexa9_0/libsrc/standalone_v6_8/src"
make -C ps7_cortexa9_0/libsrc/standalone_v6_8/src -s include  "SHELL=CMD" "COMPILER=arm-none-eabi-gcc" "ARCHIVER=arm-none-eabi-ar" "COMPILER_FLAGS=  -O2 -c" "EXTRA_COMPILER_FLAGS=-mcpu=cortex-a9 -mfpu=vfpv3 -mfloat-abi=hard -nostartfiles -g -Wall -Wextra"
"Running Make include in ps7_cortexa9_0/libsrc/uartps_v3_7/src"
make -C ps7_cortexa9_0/libsrc/uartps_v3_7/src -s include  "SHELL=CMD" "COMPILER=arm-none-eabi-gcc" "ARCHIVER=arm-none-eabi-ar" "COMPILER_FLAGS=  -O2 -c" "EXTRA_COMPILER_FLAGS=-mcpu=cortex-a9 -mfpu=vfpv3 -mfloat-abi=hard -nostartfiles -g -Wall -Wextra"
"Running Make include in ps7_cortexa9_0/libsrc/usbps_v2_4/src"
make -C ps7_cortexa9_0/libsrc/usbps_v2_4/src -s include  "SHELL=CMD" "COMPILER=arm-none-eabi-gcc" "ARCHIVER=arm-none-eabi-ar" "COMPILER_FLAGS=  -O2 -c" "EXTRA_COMPILER_FLAGS=-mcpu=cortex-a9 -mfpu=vfpv3 -mfloat-abi=hard -nostartfiles -g -Wall -Wextra"
"Running Make include in ps7_cortexa9_0/libsrc/xadcps_v2_3/src"
make -C ps7_cortexa9_0/libsrc/xadcps_v2_3/src -s include  "SHELL=CMD" "COMPILER=arm-none-eabi-gcc" "ARCHIVER=arm-none-eabi-ar" "COMPILER_FLAGS=  -O2 -c" "EXTRA_COMPILER_FLAGS=-mcpu=cortex-a9 -mfpu=vfpv3 -mfloat-abi=hard -nostartfiles -g -Wall -Wextra"
"Running Make libs in ps7_cortexa9_0/libsrc/coresightps_dcc_v1_4/src"
make -C ps7_cortexa9_0/libsrc/coresightps_dcc_v1_4/src -s libs  "SHELL=CMD" "COMPILER=arm-none-eabi-gcc" "ARCHIVER=arm-none-eabi-ar" "COMPILER_FLAGS=  -O2 -c" "EXTRA_COMPILER_FLAGS=-mcpu=cortex-a9 -mfpu=vfpv3 -mfloat-abi=hard -nostartfiles -g -Wall -Wextra"
"Compiling coresightps_dcc"
arm-none-eabi-ar: creating ../../../lib/libxil.a
"Running Make libs in ps7_cortexa9_0/libsrc/cpu_cortexa9_v2_7/src"
make -C ps7_cortexa9_0/libsrc/cpu_cortexa9_v2_7/src -s libs  "SHELL=CMD" "COMPILER=arm-none-eabi-gcc" "ARCHIVER=arm-none-eabi-ar" "COMPILER_FLAGS=  -O2 -c" "EXTRA_COMPILER_FLAGS=-mcpu=cortex-a9 -mfpu=vfpv3 -mfloat-abi=hard -nostartfiles -g -Wall -Wextra"
"Compiling cpu_cortexa9"
"Running Make libs in ps7_cortexa9_0/libsrc/ddrps_v1_0/src"
make -C ps7_cortexa9_0/libsrc/ddrps_v1_0/src -s libs  "SHELL=CMD" "COMPILER=arm-none-eabi-gcc" "ARCHIVER=arm-none-eabi-ar" "COMPILER_FLAGS=  -O2 -c" "EXTRA_COMPILER_FLAGS=-mcpu=cortex-a9 -mfpu=vfpv3 -mfloat-abi=hard -nostartfiles -g -Wall -Wextra"
"Compiling ddrps"
"Running Make libs in ps7_cortexa9_0/libsrc/devcfg_v3_5/src"
make -C ps7_cortexa9_0/libsrc/devcfg_v3_5/src -s libs  "SHELL=CMD" "COMPILER=arm-none-eabi-gcc" "ARCHIVER=arm-none-eabi-ar" "COMPILER_FLAGS=  -O2 -c" "EXTRA_COMPILER_FLAGS=-mcpu=cortex-a9 -mfpu=vfpv3 -mfloat-abi=hard -nostartfiles -g -Wall -Wextra"
"Compiling devcfg"
"Running Make libs in ps7_cortexa9_0/libsrc/dmaps_v2_4/src"
make -C ps7_cortexa9_0/libsrc/dmaps_v2_4/src -s libs  "SHELL=CMD" "COMPILER=arm-none-eabi-gcc" "ARCHIVER=arm-none-eabi-ar" "COMPILER_FLAGS=  -O2 -c" "EXTRA_COMPILER_FLAGS=-mcpu=cortex-a9 -mfpu=vfpv3 -mfloat-abi=hard -nostartfiles -g -Wall -Wextra"
"Compiling dmaps"
"Running Make libs in ps7_cortexa9_0/libsrc/emacps_v3_8/src"
make -C ps7_cortexa9_0/libsrc/emacps_v3_8/src -s libs  "SHELL=CMD" "COMPILER=arm-none-eabi-gcc" "ARCHIVER=arm-none-eabi-ar" "COMPILER_FLAGS=  -O2 -c" "EXTRA_COMPILER_FLAGS=-mcpu=cortex-a9 -mfpu=vfpv3 -mfloat-abi=hard -nostartfiles -g -Wall -Wextra"
"Compiling emacps"
"Running Make libs in ps7_cortexa9_0/libsrc/gpiops_v3_4/src"
make -C ps7_cortexa9_0/libsrc/gpiops_v3_4/src -s libs  "SHELL=CMD" "COMPILER=arm-none-eabi-gcc" "ARCHIVER=arm-none-eabi-ar" "COMPILER_FLAGS=  -O2 -c" "EXTRA_COMPILER_FLAGS=-mcpu=cortex-a9 -mfpu=vfpv3 -mfloat-abi=hard -nostartfiles -g -Wall -Wextra"
"Compiling gpiops"
"Running Make libs in ps7_cortexa9_0/libsrc/qspips_v3_5/src"
make -C ps7_cortexa9_0/libsrc/qspips_v3_5/src -s libs  "SHELL=CMD" "COMPILER=arm-none-eabi-gcc" "ARCHIVER=arm-none-eabi-ar" "COMPILER_FLAGS=  -O2 -c" "EXTRA_COMPILER_FLAGS=-mcpu=cortex-a9 -mfpu=vfpv3 -mfloat-abi=hard -nostartfiles -g -Wall -Wextra"
"Compiling qspips"
"Running Make libs in ps7_cortexa9_0/libsrc/scugic_v3_10/src"
make -C ps7_cortexa9_0/libsrc/scugic_v3_10/src -s libs  "SHELL=CMD" "COMPILER=arm-none-eabi-gcc" "ARCHIVER=arm-none-eabi-ar" "COMPILER_FLAGS=  -O2 -c" "EXTRA_COMPILER_FLAGS=-mcpu=cortex-a9 -mfpu=vfpv3 -mfloat-abi=hard -nostartfiles -g -Wall -Wextra"
"Compiling scugic"
"Running Make libs in ps7_cortexa9_0/libsrc/scutimer_v2_1/src"
make -C ps7_cortexa9_0/libsrc/scutimer_v2_1/src -s libs  "SHELL=CMD" "COMPILER=arm-none-eabi-gcc" "ARCHIVER=arm-none-eabi-ar" "COMPILER_FLAGS=  -O2 -c" "EXTRA_COMPILER_FLAGS=-mcpu=cortex-a9 -mfpu=vfpv3 -mfloat-abi=hard -nostartfiles -g -Wall -Wextra"
"Compiling scutimer"
"Running Make libs in ps7_cortexa9_0/libsrc/scuwdt_v2_1/src"
make -C ps7_cortexa9_0/libsrc/scuwdt_v2_1/src -s libs  "SHELL=CMD" "COMPILER=arm-none-eabi-gcc" "ARCHIVER=arm-none-eabi-ar" "COMPILER_FLAGS=  -O2 -c" "EXTRA_COMPILER_FLAGS=-mcpu=cortex-a9 -mfpu=vfpv3 -mfloat-abi=hard -nostartfiles -g -Wall -Wextra"
"Compiling scuwdt"
"Running Make libs in ps7_cortexa9_0/libsrc/sdps_v3_6/src"
make -C ps7_cortexa9_0/libsrc/sdps_v3_6/src -s libs  "SHELL=CMD" "COMPILER=arm-none-eabi-gcc" "ARCHIVER=arm-none-eabi-ar" "COMPILER_FLAGS=  -O2 -c" "EXTRA_COMPILER_FLAGS=-mcpu=cortex-a9 -mfpu=vfpv3 -mfloat-abi=hard -nostartfiles -g -Wall -Wextra"
"Compiling sdps"
"Running Make libs in ps7_cortexa9_0/libsrc/standalone_v6_8/src"
make -C ps7_cortexa9_0/libsrc/standalone_v6_8/src -s libs  "SHELL=CMD" "COMPILER=arm-none-eabi-gcc" "ARCHIVER=arm-none-eabi-ar" "COMPILER_FLAGS=  -O2 -c" "EXTRA_COMPILER_FLAGS=-mcpu=cortex-a9 -mfpu=vfpv3 -mfloat-abi=hard -nostartfiles -g -Wall -Wextra"
"Compiling standalone"
In file included from usleep.c:56:0:
xtime_l.h:87:9: note: #pragma message: For the sleep routines, Global timer is being used
 #pragma message ("For the sleep routines, Global timer is being used")
         ^~~~~~~
In file included from xil_sleeptimer.c:51:0:
xtime_l.h:87:9: note: #pragma message: For the sleep routines, Global timer is being used
 #pragma message ("For the sleep routines, Global timer is being used")
         ^~~~~~~
In file included from xtime_l.c:49:0:
xtime_l.h:87:9: note: #pragma message: For the sleep routines, Global timer is being used
 #pragma message ("For the sleep routines, Global timer is being used")
         ^~~~~~~
In file included from sleep.c:53:0:
xtime_l.h:87:9: note: #pragma message: For the sleep routines, Global timer is being used
 #pragma message ("For the sleep routines, Global timer is being used")
         ^~~~~~~
"Running Make libs in ps7_cortexa9_0/libsrc/uartps_v3_7/src"
make -C ps7_cortexa9_0/libsrc/uartps_v3_7/src -s libs  "SHELL=CMD" "COMPILER=arm-none-eabi-gcc" "ARCHIVER=arm-none-eabi-ar" "COMPILER_FLAGS=  -O2 -c" "EXTRA_COMPILER_FLAGS=-mcpu=cortex-a9 -mfpu=vfpv3 -mfloat-abi=hard -nostartfiles -g -Wall -Wextra"
"Compiling uartps"
"Running Make libs in ps7_cortexa9_0/libsrc/usbps_v2_4/src"
make -C ps7_cortexa9_0/libsrc/usbps_v2_4/src -s libs  "SHELL=CMD" "COMPILER=arm-none-eabi-gcc" "ARCHIVER=arm-none-eabi-ar" "COMPILER_FLAGS=  -O2 -c" "EXTRA_COMPILER_FLAGS=-mcpu=cortex-a9 -mfpu=vfpv3 -mfloat-abi=hard -nostartfiles -g -Wall -Wextra"
"Compiling usbps"
"Running Make libs in ps7_cortexa9_0/libsrc/xadcps_v2_3/src"
make -C ps7_cortexa9_0/libsrc/xadcps_v2_3/src -s libs  "SHELL=CMD" "COMPILER=arm-none-eabi-gcc" "ARCHIVER=arm-none-eabi-ar" "COMPILER_FLAGS=  -O2 -c" "EXTRA_COMPILER_FLAGS=-mcpu=cortex-a9 -mfpu=vfpv3 -mfloat-abi=hard -nostartfiles -g -Wall -Wextra"
"Compiling xadcps"
'Finished building libraries'

**** Build of configuration Debug for project addersubtractor ****

Nothing to build for project addersubtractor

**** Build of configuration Debug for project io ****

Nothing to build for project io
20:01:19 **** Auto Build of configuration Debug for project addersubtractor ****
make pre-build main-build 
a9-linaro-pre-build-step
' '
'Building file: ../src/addersubtractor.c'
'Invoking: ARM v7 gcc compiler'
arm-none-eabi-gcc -Wall -O0 -g3 -c -fmessage-length=0 -MT"src/addersubtractor.o" -mcpu=cortex-a9 -mfpu=vfpv3 -mfloat-abi=hard -I../../Lab_1_bsp/ps7_cortexa9_0/include -MMD -MP -MF"src/addersubtractor.d" -MT"src/addersubtractor.o" -o "src/addersubtractor.o" "../src/addersubtractor.c"
'Finished building: ../src/addersubtractor.c'
' '
'Building target: addersubtractor.elf'
'Invoking: ARM v7 gcc linker'
arm-none-eabi-gcc -mcpu=cortex-a9 -mfpu=vfpv3 -mfloat-abi=hard -Wl,-build-id=none -specs=Xilinx.spec -Wl,-T -Wl,../src/lscript.ld -L../../Lab_1_bsp/ps7_cortexa9_0/lib -o "addersubtractor.elf"  ./src/addersubtractor.o   -Wl,--start-group,-lxil,-lgcc,-lc,--end-group
../../Lab_1_bsp/ps7_cortexa9_0/lib\libxil.a(xil-crt0.o): In function `_start':
C:\Users\RAYAN\Lab_1\Lab_1.sdk\Lab_1_bsp\ps7_cortexa9_0\libsrc\standalone_v6_8\src/xil-crt0.S:138: undefined reference to `main'
collect2.exe: error: ld returned 1 exit status
make: *** [makefile:41: addersubtractor.elf] Error 1
20:44:29 **** Auto Build of configuration Debug for project addersubtractor ****
make pre-build main-build 
a9-linaro-pre-build-step
' '
'Building file: ../src/addersubtractor.c'
'Invoking: ARM v7 gcc compiler'
arm-none-eabi-gcc -Wall -O0 -g3 -c -fmessage-length=0 -MT"src/addersubtractor.o" -mcpu=cortex-a9 -mfpu=vfpv3 -mfloat-abi=hard -I../../Lab_1_bsp/ps7_cortexa9_0/include -MMD -MP -MF"src/addersubtractor.d" -MT"src/addersubtractor.o" -o "src/addersubtractor.o" "../src/addersubtractor.c"
../src/addersubtractor.c: In function 'main':
../src/addersubtractor.c:12:11: warning: format '%d' expects argument of type 'int', but argument 2 has type 'uint32_t {aka long unsigned int}' [-Wformat=]
  printf("%d + %d = %3zu c_out=%2zu (%s)\n", regmap[0], regmap[1], s, c, (s == regmap[0] + regmap[1]) ? "COR" : "ERR");
          ~^                                 ~~~~~~~~~
          %ld
../src/addersubtractor.c:12:16: warning: format '%d' expects argument of type 'int', but argument 3 has type 'uint32_t {aka long unsigned int}' [-Wformat=]
  printf("%d + %d = %3zu c_out=%2zu (%s)\n", regmap[0], regmap[1], s, c, (s == regmap[0] + regmap[1]) ? "COR" : "ERR");
               ~^                                       ~~~~~~~~~
               %ld
../src/addersubtractor.c:17:9: error: redefinition of 'c'
  size_t c = regmap[2]; //output C out
         ^
../src/addersubtractor.c:11:9: note: previous definition of 'c' was here
  size_t c = regmap[2]; //output C out
         ^
../src/addersubtractor.c:18:11: warning: format '%d' expects argument of type 'int', but argument 2 has type 'uint32_t {aka long unsigned int}' [-Wformat=]
  printf("%d + %d = %3zu c_out=%2zu (%s)\n", regmap[0], regmap[1], s, c, (s == regmap[0] + regmap[1]) ? "COR" : "ERR");
          ~^                                 ~~~~~~~~~
          %ld
../src/addersubtractor.c:18:16: warning: format '%d' expects argument of type 'int', but argument 3 has type 'uint32_t {aka long unsigned int}' [-Wformat=]
  printf("%d + %d = %3zu c_out=%2zu (%s)\n", regmap[0], regmap[1], s, c, (s == regmap[0] + regmap[1]) ? "COR" : "ERR");
               ~^                                       ~~~~~~~~~
               %ld
../src/addersubtractor.c:23:9: error: redefinition of 'c'
  size_t c = regmap[2]; //output C out
         ^
../src/addersubtractor.c:17:9: note: previous definition of 'c' was here
  size_t c = regmap[2]; //output C out
         ^
../src/addersubtractor.c:24:11: warning: format '%d' expects argument of type 'int', but argument 2 has type 'uint32_t {aka long unsigned int}' [-Wformat=]
  printf("%d + %d = %3zu c_out=%2zu (%s)\n", regmap[0], regmap[1], s, c, (s == regmap[0] + regmap[1]) ? "COR" : "ERR");
          ~^                                 ~~~~~~~~~
          %ld
../src/addersubtractor.c:24:16: warning: format '%d' expects argument of type 'int', but argument 3 has type 'uint32_t {aka long unsigned int}' [-Wformat=]
  printf("%d + %d = %3zu c_out=%2zu (%s)\n", regmap[0], regmap[1], s, c, (s == regmap[0] + regmap[1]) ? "COR" : "ERR");
               ~^                                       ~~~~~~~~~
               %ld
../src/addersubtractor.c:29:9: error: redefinition of 's'
  size_t s = regmap[0]; //output S
         ^
../src/addersubtractor.c:10:9: note: previous definition of 's' was here
  size_t s = regmap[0]; //output S
         ^
../src/addersubtractor.c:30:9: error: redefinition of 'c'
  size_t c = regmap[2]; //output C out
         ^
../src/addersubtractor.c:23:9: note: previous definition of 'c' was here
  size_t c = regmap[2]; //output C out
         ^
../src/addersubtractor.c:31:11: warning: format '%d' expects argument of type 'int', but argument 2 has type 'uint32_t {aka long unsigned int}' [-Wformat=]
  printf("%d + %d = %3zu c_out=%2zu (%s)\n", regmap[0], regmap[1], s, c, (s == regmap[0] + regmap[1]) ? "COR" : "ERR");
          ~^                                 ~~~~~~~~~
          %ld
../src/addersubtractor.c:31:16: warning: format '%d' expects argument of type 'int', but argument 3 has type 'uint32_t {aka long unsigned int}' [-Wformat=]
  printf("%d + %d = %3zu c_out=%2zu (%s)\n", regmap[0], regmap[1], s, c, (s == regmap[0] + regmap[1]) ? "COR" : "ERR");
               ~^                                       ~~~~~~~~~
               %ld
../src/addersubtractor.c:36:9: error: redefinition of 's'
  size_t s = regmap[0]; //output S
         ^
../src/addersubtractor.c:29:9: note: previous definition of 's' was here
  size_t s = regmap[0]; //output S
         ^
../src/addersubtractor.c:37:9: error: redefinition of 'c'
  size_t c = regmap[2]; //output C out
         ^
../src/addersubtractor.c:30:9: note: previous definition of 'c' was here
  size_t c = regmap[2]; //output C out
         ^
../src/addersubtractor.c:38:11: warning: format '%d' expects argument of type 'int', but argument 2 has type 'uint32_t {aka long unsigned int}' [-Wformat=]
  printf("%d + %d = %3zu c_out=%2zu (%s)\n", regmap[0], regmap[1], s, c, (s == regmap[0] + regmap[1]) ? "COR" : "ERR");
          ~^                                 ~~~~~~~~~
          %ld
../src/addersubtractor.c:38:16: warning: format '%d' expects argument of type 'int', but argument 3 has type 'uint32_t {aka long unsigned int}' [-Wformat=]
  printf("%d + %d = %3zu c_out=%2zu (%s)\n", regmap[0], regmap[1], s, c, (s == regmap[0] + regmap[1]) ? "COR" : "ERR");
               ~^                                       ~~~~~~~~~
               %ld
make: *** [src/subdir.mk:23: src/addersubtractor.o] Error 1
20:45:42 **** Auto Build of configuration Debug for project addersubtractor ****
make pre-build main-build 
a9-linaro-pre-build-step
' '
'Building file: ../src/addersubtractor.c'
'Invoking: ARM v7 gcc compiler'
arm-none-eabi-gcc -Wall -O0 -g3 -c -fmessage-length=0 -MT"src/addersubtractor.o" -mcpu=cortex-a9 -mfpu=vfpv3 -mfloat-abi=hard -I../../Lab_1_bsp/ps7_cortexa9_0/include -MMD -MP -MF"src/addersubtractor.d" -MT"src/addersubtractor.o" -o "src/addersubtractor.o" "../src/addersubtractor.c"
../src/addersubtractor.c: In function 'main':
../src/addersubtractor.c:12:12: warning: format '%zu' expects argument of type 'size_t', but argument 2 has type 'uint32_t {aka long unsigned int}' [-Wformat=]
  printf("%zu + %zu = %3zu c_out=%2zu (%s)\n", regmap[0], regmap[1], s, c, (s == regmap[0] + regmap[1]) ? "COR" : "ERR");
          ~~^                                  ~~~~~~~~~
          %lu
../src/addersubtractor.c:12:18: warning: format '%zu' expects argument of type 'size_t', but argument 3 has type 'uint32_t {aka long unsigned int}' [-Wformat=]
  printf("%zu + %zu = %3zu c_out=%2zu (%s)\n", regmap[0], regmap[1], s, c, (s == regmap[0] + regmap[1]) ? "COR" : "ERR");
                ~~^                                       ~~~~~~~~~
                %lu
'Finished building: ../src/addersubtractor.c'
' '
'Building target: addersubtractor.elf'
'Invoking: ARM v7 gcc linker'
arm-none-eabi-gcc -mcpu=cortex-a9 -mfpu=vfpv3 -mfloat-abi=hard -Wl,-build-id=none -specs=Xilinx.spec -Wl,-T -Wl,../src/lscript.ld -L../../Lab_1_bsp/ps7_cortexa9_0/lib -o "addersubtractor.elf"  ./src/addersubtractor.o   -Wl,--start-group,-lxil,-lgcc,-lc,--end-group
'Finished building target: addersubtractor.elf'
' '
'Invoking: ARM v7 Print Size'
arm-none-eabi-size addersubtractor.elf  |tee "addersubtractor.elf.size"
   text	   data	    bss	    dec	    hex	filename
  70448	   2580	  23328	  96356	  17864	addersubtractor.elf
'Finished building: addersubtractor.elf.size'
' '
20:47:19 **** Auto Build of configuration Debug for project addersubtractor ****
make pre-build main-build 
a9-linaro-pre-build-step
' '
'Building file: ../src/addersubtractor.c'
'Invoking: ARM v7 gcc compiler'
arm-none-eabi-gcc -Wall -O0 -g3 -c -fmessage-length=0 -MT"src/addersubtractor.o" -mcpu=cortex-a9 -mfpu=vfpv3 -mfloat-abi=hard -I../../Lab_1_bsp/ps7_cortexa9_0/include -MMD -MP -MF"src/addersubtractor.d" -MT"src/addersubtractor.o" -o "src/addersubtractor.o" "../src/addersubtractor.c"
'Finished building: ../src/addersubtractor.c'
' '
'Building target: addersubtractor.elf'
'Invoking: ARM v7 gcc linker'
arm-none-eabi-gcc -mcpu=cortex-a9 -mfpu=vfpv3 -mfloat-abi=hard -Wl,-build-id=none -specs=Xilinx.spec -Wl,-T -Wl,../src/lscript.ld -L../../Lab_1_bsp/ps7_cortexa9_0/lib -o "addersubtractor.elf"  ./src/addersubtractor.o   -Wl,--start-group,-lxil,-lgcc,-lc,--end-group
'Finished building target: addersubtractor.elf'
' '
'Invoking: ARM v7 Print Size'
arm-none-eabi-size addersubtractor.elf  |tee "addersubtractor.elf.size"
   text	   data	    bss	    dec	    hex	filename
  70448	   2580	  23328	  96356	  17864	addersubtractor.elf
'Finished building: addersubtractor.elf.size'
' '
20:47:24 **** Auto Build of configuration Debug for project addersubtractor ****
make pre-build main-build 
a9-linaro-pre-build-step
' '
'Building file: ../src/addersubtractor.c'
'Invoking: ARM v7 gcc compiler'
arm-none-eabi-gcc -Wall -O0 -g3 -c -fmessage-length=0 -MT"src/addersubtractor.o" -mcpu=cortex-a9 -mfpu=vfpv3 -mfloat-abi=hard -I../../Lab_1_bsp/ps7_cortexa9_0/include -MMD -MP -MF"src/addersubtractor.d" -MT"src/addersubtractor.o" -o "src/addersubtractor.o" "../src/addersubtractor.c"
'Finished building: ../src/addersubtractor.c'
' '
'Building target: addersubtractor.elf'
'Invoking: ARM v7 gcc linker'
arm-none-eabi-gcc -mcpu=cortex-a9 -mfpu=vfpv3 -mfloat-abi=hard -Wl,-build-id=none -specs=Xilinx.spec -Wl,-T -Wl,../src/lscript.ld -L../../Lab_1_bsp/ps7_cortexa9_0/lib -o "addersubtractor.elf"  ./src/addersubtractor.o   -Wl,--start-group,-lxil,-lgcc,-lc,--end-group
'Finished building target: addersubtractor.elf'
' '
'Invoking: ARM v7 Print Size'
arm-none-eabi-size addersubtractor.elf  |tee "addersubtractor.elf.size"
   text	   data	    bss	    dec	    hex	filename
  70448	   2580	  23328	  96356	  17864	addersubtractor.elf
'Finished building: addersubtractor.elf.size'
' '
20:48:55 **** Auto Build of configuration Debug for project io ****
make pre-build main-build 
a9-linaro-pre-build-step
' '
'Building file: ../src/io.c'
'Invoking: ARM v7 gcc compiler'
arm-none-eabi-gcc -Wall -O0 -g3 -c -fmessage-length=0 -MT"src/io.o" -mcpu=cortex-a9 -mfpu=vfpv3 -mfloat-abi=hard -I../../Lab_1_bsp/ps7_cortexa9_0/include -MMD -MP -MF"src/io.d" -MT"src/io.o" -o "src/io.o" "../src/io.c"
'Finished building: ../src/io.c'
' '
'Building target: io.elf'
'Invoking: ARM v7 gcc linker'
arm-none-eabi-gcc -mcpu=cortex-a9 -mfpu=vfpv3 -mfloat-abi=hard -Wl,-build-id=none -specs=Xilinx.spec -Wl,-T -Wl,../src/lscript.ld -L../../Lab_1_bsp/ps7_cortexa9_0/lib -o "io.elf"  ./src/io.o   -Wl,--start-group,-lxil,-lgcc,-lc,--end-group
../../Lab_1_bsp/ps7_cortexa9_0/lib\libxil.a(xil-crt0.o): In function `_start':
C:\Users\RAYAN\Lab_1\Lab_1.sdk\Lab_1_bsp\ps7_cortexa9_0\libsrc\standalone_v6_8\src/xil-crt0.S:138: undefined reference to `main'
collect2.exe: error: ld returned 1 exit status
make: *** [makefile:41: io.elf] Error 1
20:50:33 **** Auto Build of configuration Debug for project io ****
make pre-build main-build 
a9-linaro-pre-build-step
' '
'Building file: ../src/io.c'
'Invoking: ARM v7 gcc compiler'
arm-none-eabi-gcc -Wall -O0 -g3 -c -fmessage-length=0 -MT"src/io.o" -mcpu=cortex-a9 -mfpu=vfpv3 -mfloat-abi=hard -I../../Lab_1_bsp/ps7_cortexa9_0/include -MMD -MP -MF"src/io.d" -MT"src/io.o" -o "src/io.o" "../src/io.c"
'Finished building: ../src/io.c'
' '
'Building target: io.elf'
'Invoking: ARM v7 gcc linker'
arm-none-eabi-gcc -mcpu=cortex-a9 -mfpu=vfpv3 -mfloat-abi=hard -Wl,-build-id=none -specs=Xilinx.spec -Wl,-T -Wl,../src/lscript.ld -L../../Lab_1_bsp/ps7_cortexa9_0/lib -o "io.elf"  ./src/io.o   -Wl,--start-group,-lxil,-lgcc,-lc,--end-group
'Finished building target: io.elf'
' '
'Invoking: ARM v7 Print Size'
arm-none-eabi-size io.elf  |tee "io.elf.size"
   text	   data	    bss	    dec	    hex	filename
  19044	   1144	  22568	  42756	   a704	io.elf
'Finished building: io.elf.size'
' '
21:03:03 **** Incremental Build of configuration Debug for project addersubtractor ****
make pre-build main-build 
a9-linaro-pre-build-step
' '
make: Nothing to be done for 'main-build'.
21:04:59 **** Auto Build of configuration Debug for project addersubtractor ****
make pre-build main-build 
a9-linaro-pre-build-step
' '
'Building file: ../src/addersubtractor.c'
'Invoking: ARM v7 gcc compiler'
arm-none-eabi-gcc -Wall -O0 -g3 -c -fmessage-length=0 -MT"src/addersubtractor.o" -mcpu=cortex-a9 -mfpu=vfpv3 -mfloat-abi=hard -I../../Lab_1_bsp/ps7_cortexa9_0/include -MMD -MP -MF"src/addersubtractor.d" -MT"src/addersubtractor.o" -o "src/addersubtractor.o" "../src/addersubtractor.c"
../src/addersubtractor.c: In function 'main':
../src/addersubtractor.c:18:9: error: redefinition of 'c'
  size_t c = regmap[2]; //output C out
         ^
../src/addersubtractor.c:11:9: note: previous definition of 'c' was here
  size_t c = regmap[2]; //output C out
         ^
../src/addersubtractor.c:24:9: error: redefinition of 'c'
  size_t c = regmap[2]; //output C out
         ^
../src/addersubtractor.c:18:9: note: previous definition of 'c' was here
  size_t c = regmap[2]; //output C out
         ^
../src/addersubtractor.c:30:9: error: redefinition of 's'
  size_t s = regmap[0]; //output S
         ^
../src/addersubtractor.c:10:9: note: previous definition of 's' was here
  size_t s = regmap[0]; //output S
         ^
../src/addersubtractor.c:31:9: error: redefinition of 'c'
  size_t c = regmap[2]; //output C out
         ^
../src/addersubtractor.c:24:9: note: previous definition of 'c' was here
  size_t c = regmap[2]; //output C out
         ^
../src/addersubtractor.c:37:9: error: redefinition of 's'
  size_t s = regmap[0]; //output S
         ^
../src/addersubtractor.c:30:9: note: previous definition of 's' was here
  size_t s = regmap[0]; //output S
         ^
../src/addersubtractor.c:38:9: error: redefinition of 'c'
  size_t c = regmap[2]; //output C out
         ^
../src/addersubtractor.c:31:9: note: previous definition of 'c' was here
  size_t c = regmap[2]; //output C out
         ^
make: *** [src/subdir.mk:23: src/addersubtractor.o] Error 1
21:05:47 **** Auto Build of configuration Debug for project addersubtractor ****
make pre-build main-build 
a9-linaro-pre-build-step
' '
'Building file: ../src/addersubtractor.c'
'Invoking: ARM v7 gcc compiler'
arm-none-eabi-gcc -Wall -O0 -g3 -c -fmessage-length=0 -MT"src/addersubtractor.o" -mcpu=cortex-a9 -mfpu=vfpv3 -mfloat-abi=hard -I../../Lab_1_bsp/ps7_cortexa9_0/include -MMD -MP -MF"src/addersubtractor.d" -MT"src/addersubtractor.o" -o "src/addersubtractor.o" "../src/addersubtractor.c"
'Finished building: ../src/addersubtractor.c'
' '
'Building target: addersubtractor.elf'
'Invoking: ARM v7 gcc linker'
arm-none-eabi-gcc -mcpu=cortex-a9 -mfpu=vfpv3 -mfloat-abi=hard -Wl,-build-id=none -specs=Xilinx.spec -Wl,-T -Wl,../src/lscript.ld -L../../Lab_1_bsp/ps7_cortexa9_0/lib -o "addersubtractor.elf"  ./src/addersubtractor.o   -Wl,--start-group,-lxil,-lgcc,-lc,--end-group
'Finished building target: addersubtractor.elf'
' '
'Invoking: ARM v7 Print Size'
arm-none-eabi-size addersubtractor.elf  |tee "addersubtractor.elf.size"
   text	   data	    bss	    dec	    hex	filename
  70448	   2580	  23328	  96356	  17864	addersubtractor.elf
'Finished building: addersubtractor.elf.size'
' '
21:06:31 **** Incremental Build of configuration Debug for project addersubtractor ****
make pre-build main-build 
a9-linaro-pre-build-step
' '
make: Nothing to be done for 'main-build'.
21:07:08 **** Auto Build of configuration Debug for project addersubtractor ****
make pre-build main-build 
a9-linaro-pre-build-step
' '
'Building file: ../src/addersubtractor.c'
'Invoking: ARM v7 gcc compiler'
arm-none-eabi-gcc -Wall -O0 -g3 -c -fmessage-length=0 -MT"src/addersubtractor.o" -mcpu=cortex-a9 -mfpu=vfpv3 -mfloat-abi=hard -I../../Lab_1_bsp/ps7_cortexa9_0/include -MMD -MP -MF"src/addersubtractor.d" -MT"src/addersubtractor.o" -o "src/addersubtractor.o" "../src/addersubtractor.c"
'Finished building: ../src/addersubtractor.c'
' '
'Building target: addersubtractor.elf'
'Invoking: ARM v7 gcc linker'
arm-none-eabi-gcc -mcpu=cortex-a9 -mfpu=vfpv3 -mfloat-abi=hard -Wl,-build-id=none -specs=Xilinx.spec -Wl,-T -Wl,../src/lscript.ld -L../../Lab_1_bsp/ps7_cortexa9_0/lib -o "addersubtractor.elf"  ./src/addersubtractor.o   -Wl,--start-group,-lxil,-lgcc,-lc,--end-group
'Finished building target: addersubtractor.elf'
' '
'Invoking: ARM v7 Print Size'
arm-none-eabi-size addersubtractor.elf  |tee "addersubtractor.elf.size"
   text	   data	    bss	    dec	    hex	filename
  70448	   2580	  23328	  96356	  17864	addersubtractor.elf
'Finished building: addersubtractor.elf.size'
' '
21:07:26 **** Incremental Build of configuration Debug for project addersubtractor ****
make pre-build main-build 
a9-linaro-pre-build-step
' '
make: Nothing to be done for 'main-build'.
21:10:06 **** Auto Build of configuration Debug for project addersubtractor ****
make pre-build main-build 
a9-linaro-pre-build-step
' '
'Building file: ../src/addersubtractor.c'
'Invoking: ARM v7 gcc compiler'
arm-none-eabi-gcc -Wall -O0 -g3 -c -fmessage-length=0 -MT"src/addersubtractor.o" -mcpu=cortex-a9 -mfpu=vfpv3 -mfloat-abi=hard -I../../Lab_1_bsp/ps7_cortexa9_0/include -MMD -MP -MF"src/addersubtractor.d" -MT"src/addersubtractor.o" -o "src/addersubtractor.o" "../src/addersubtractor.c"
../src/addersubtractor.c: In function 'main':
../src/addersubtractor.c:12:9: warning: passing argument 1 of 'printf' makes pointer from integer without a cast [-Wint-conversion]
  printf(regmap[0],"+", regmap[1],"=", s," cout=", c,"(%S)\n", (s == regmap[0] + regmap[1]) ? "COR" : "ERR");
         ^~~~~~
In file included from c:\xilinx\sdk\2018.3\gnu\aarch32\nt\gcc-arm-none-eabi\arm-none-eabi\libc\usr\include\stdio.h:29:0,
                 from ../src/addersubtractor.c:1:
c:\xilinx\sdk\2018.3\gnu\aarch32\nt\gcc-arm-none-eabi\arm-none-eabi\libc\usr\include\stdio.h:181:5: note: expected 'const char * restrict' but argument is of type 'uint32_t {aka long unsigned int}'
 int _EXFUN(printf, (const char *__restrict, ...)
     ^
'Finished building: ../src/addersubtractor.c'
' '
'Building target: addersubtractor.elf'
'Invoking: ARM v7 gcc linker'
arm-none-eabi-gcc -mcpu=cortex-a9 -mfpu=vfpv3 -mfloat-abi=hard -Wl,-build-id=none -specs=Xilinx.spec -Wl,-T -Wl,../src/lscript.ld -L../../Lab_1_bsp/ps7_cortexa9_0/lib -o "addersubtractor.elf"  ./src/addersubtractor.o   -Wl,--start-group,-lxil,-lgcc,-lc,--end-group
'Finished building target: addersubtractor.elf'
' '
'Invoking: ARM v7 Print Size'
arm-none-eabi-size addersubtractor.elf  |tee "addersubtractor.elf.size"
   text	   data	    bss	    dec	    hex	filename
  70432	   2580	  23328	  96340	  17854	addersubtractor.elf
'Finished building: addersubtractor.elf.size'
' '
21:13:10 **** Auto Build of configuration Debug for project addersubtractor ****
make pre-build main-build 
a9-linaro-pre-build-step
' '
'Building file: ../src/addersubtractor.c'
'Invoking: ARM v7 gcc compiler'
arm-none-eabi-gcc -Wall -O0 -g3 -c -fmessage-length=0 -MT"src/addersubtractor.o" -mcpu=cortex-a9 -mfpu=vfpv3 -mfloat-abi=hard -I../../Lab_1_bsp/ps7_cortexa9_0/include -MMD -MP -MF"src/addersubtractor.d" -MT"src/addersubtractor.o" -o "src/addersubtractor.o" "../src/addersubtractor.c"
../src/addersubtractor.c: In function 'main':
../src/addersubtractor.c:12:12: warning: unknown conversion type character ' ' in format [-Wformat=]
  printf("%l + %l = %3zu cout=%d (%S)\n",regmap[0], regmap[1], s, c, (s == regmap[0] + regmap[1]) ? "COR" : "ERR");
            ^
../src/addersubtractor.c:12:17: warning: unknown conversion type character ' ' in format [-Wformat=]
  printf("%l + %l = %3zu cout=%d (%S)\n",regmap[0], regmap[1], s, c, (s == regmap[0] + regmap[1]) ? "COR" : "ERR");
                 ^
../src/addersubtractor.c:12:23: warning: format '%zu' expects argument of type 'size_t', but argument 2 has type 'uint32_t {aka long unsigned int}' [-Wformat=]
  printf("%l + %l = %3zu cout=%d (%S)\n",regmap[0], regmap[1], s, c, (s == regmap[0] + regmap[1]) ? "COR" : "ERR");
                    ~~~^                 ~~~~~~~~~
                    %3lu
../src/addersubtractor.c:12:31: warning: format '%d' expects argument of type 'int', but argument 3 has type 'uint32_t {aka long unsigned int}' [-Wformat=]
  printf("%l + %l = %3zu cout=%d (%S)\n",regmap[0], regmap[1], s, c, (s == regmap[0] + regmap[1]) ? "COR" : "ERR");
                              ~^                    ~~~~~~~~~
                              %ld
../src/addersubtractor.c:12:35: warning: format '%S' expects argument of type 'wchar_t *', but argument 4 has type 'size_t {aka unsigned int}' [-Wformat=]
  printf("%l + %l = %3zu cout=%d (%S)\n",regmap[0], regmap[1], s, c, (s == regmap[0] + regmap[1]) ? "COR" : "ERR");
                                  ~^
                                  %d
../src/addersubtractor.c:12:9: warning: too many arguments for format [-Wformat-extra-args]
  printf("%l + %l = %3zu cout=%d (%S)\n",regmap[0], regmap[1], s, c, (s == regmap[0] + regmap[1]) ? "COR" : "ERR");
         ^~~~~~~~~~~~~~~~~~~~~~~~~~~~~~~
'Finished building: ../src/addersubtractor.c'
' '
'Building target: addersubtractor.elf'
'Invoking: ARM v7 gcc linker'
arm-none-eabi-gcc -mcpu=cortex-a9 -mfpu=vfpv3 -mfloat-abi=hard -Wl,-build-id=none -specs=Xilinx.spec -Wl,-T -Wl,../src/lscript.ld -L../../Lab_1_bsp/ps7_cortexa9_0/lib -o "addersubtractor.elf"  ./src/addersubtractor.o   -Wl,--start-group,-lxil,-lgcc,-lc,--end-group
'Finished building target: addersubtractor.elf'
' '
'Invoking: ARM v7 Print Size'
arm-none-eabi-size addersubtractor.elf  |tee "addersubtractor.elf.size"
   text	   data	    bss	    dec	    hex	filename
  70440	   2580	  23328	  96348	  1785c	addersubtractor.elf
'Finished building: addersubtractor.elf.size'
' '
21:14:34 **** Auto Build of configuration Debug for project addersubtractor ****
make pre-build main-build 
a9-linaro-pre-build-step
' '
'Building file: ../src/addersubtractor.c'
'Invoking: ARM v7 gcc compiler'
arm-none-eabi-gcc -Wall -O0 -g3 -c -fmessage-length=0 -MT"src/addersubtractor.o" -mcpu=cortex-a9 -mfpu=vfpv3 -mfloat-abi=hard -I../../Lab_1_bsp/ps7_cortexa9_0/include -MMD -MP -MF"src/addersubtractor.d" -MT"src/addersubtractor.o" -o "src/addersubtractor.o" "../src/addersubtractor.c"
../src/addersubtractor.c: In function 'main':
../src/addersubtractor.c:12:11: warning: format '%i' expects argument of type 'int', but argument 2 has type 'uint32_t {aka long unsigned int}' [-Wformat=]
  printf("%i + %i = %3zu cout=%d (%S)\n",regmap[0], regmap[1], s, c, (s == regmap[0] + regmap[1]) ? "COR" : "ERR");
          ~^                             ~~~~~~~~~
          %li
../src/addersubtractor.c:12:16: warning: format '%i' expects argument of type 'int', but argument 3 has type 'uint32_t {aka long unsigned int}' [-Wformat=]
  printf("%i + %i = %3zu cout=%d (%S)\n",regmap[0], regmap[1], s, c, (s == regmap[0] + regmap[1]) ? "COR" : "ERR");
               ~^                                   ~~~~~~~~~
               %li
../src/addersubtractor.c:12:35: warning: format '%S' expects argument of type 'wchar_t *', but argument 6 has type 'char *' [-Wformat=]
  printf("%i + %i = %3zu cout=%d (%S)\n",regmap[0], regmap[1], s, c, (s == regmap[0] + regmap[1]) ? "COR" : "ERR");
                                  ~^                                 ~~~~~~~~~~~~~~~~~~~~~~~~~~~~~~~~~~~~~~~~~~~~
                                  %s
'Finished building: ../src/addersubtractor.c'
' '
'Building target: addersubtractor.elf'
'Invoking: ARM v7 gcc linker'
arm-none-eabi-gcc -mcpu=cortex-a9 -mfpu=vfpv3 -mfloat-abi=hard -Wl,-build-id=none -specs=Xilinx.spec -Wl,-T -Wl,../src/lscript.ld -L../../Lab_1_bsp/ps7_cortexa9_0/lib -o "addersubtractor.elf"  ./src/addersubtractor.o   -Wl,--start-group,-lxil,-lgcc,-lc,--end-group
'Finished building target: addersubtractor.elf'
' '
'Invoking: ARM v7 Print Size'
arm-none-eabi-size addersubtractor.elf  |tee "addersubtractor.elf.size"
   text	   data	    bss	    dec	    hex	filename
  70440	   2580	  23328	  96348	  1785c	addersubtractor.elf
'Finished building: addersubtractor.elf.size'
' '
21:17:57 **** Auto Build of configuration Debug for project addersubtractor ****
make pre-build main-build 
a9-linaro-pre-build-step
' '
'Building file: ../src/addersubtractor.c'
'Invoking: ARM v7 gcc compiler'
arm-none-eabi-gcc -Wall -O0 -g3 -c -fmessage-length=0 -MT"src/addersubtractor.o" -mcpu=cortex-a9 -mfpu=vfpv3 -mfloat-abi=hard -I../../Lab_1_bsp/ps7_cortexa9_0/include -MMD -MP -MF"src/addersubtractor.d" -MT"src/addersubtractor.o" -o "src/addersubtractor.o" "../src/addersubtractor.c"
../src/addersubtractor.c: In function 'main':
../src/addersubtractor.c:13:36: warning: format '%S' expects argument of type 'wchar_t *', but argument 6 has type 'char *' [-Wformat=]
   printf("%lu - %lu = %i cout=%d (%S)\n", regmap[0], regmap[1], s, c, (s == regmap[0] + regmap[1]) ? "COR" : "ERR");
                                   ~^                                  ~~~~~~~~~~~~~~~~~~~~~~~~~~~~~~~~~~~~~~~~~~~~
                                   %s
../src/addersubtractor.c:15:37: warning: format '%S' expects argument of type 'wchar_t *', but argument 6 has type 'char *' [-Wformat=]
  printf("%lu + %lu = %3zu cout=%d (%S)\n",regmap[0], regmap[1], s, c, (s == regmap[0] + regmap[1]) ? "COR" : "ERR");
                                    ~^                                 ~~~~~~~~~~~~~~~~~~~~~~~~~~~~~~~~~~~~~~~~~~~~
                                    %s
'Finished building: ../src/addersubtractor.c'
' '
'Building target: addersubtractor.elf'
'Invoking: ARM v7 gcc linker'
arm-none-eabi-gcc -mcpu=cortex-a9 -mfpu=vfpv3 -mfloat-abi=hard -Wl,-build-id=none -specs=Xilinx.spec -Wl,-T -Wl,../src/lscript.ld -L../../Lab_1_bsp/ps7_cortexa9_0/lib -o "addersubtractor.elf"  ./src/addersubtractor.o   -Wl,--start-group,-lxil,-lgcc,-lc,--end-group
'Finished building target: addersubtractor.elf'
' '
'Invoking: ARM v7 Print Size'
arm-none-eabi-size addersubtractor.elf  |tee "addersubtractor.elf.size"
   text	   data	    bss	    dec	    hex	filename
  70600	   2580	  23328	  96508	  178fc	addersubtractor.elf
'Finished building: addersubtractor.elf.size'
' '
21:18:40 **** Auto Build of configuration Debug for project addersubtractor ****
make pre-build main-build 
a9-linaro-pre-build-step
' '
'Building file: ../src/addersubtractor.c'
'Invoking: ARM v7 gcc compiler'
arm-none-eabi-gcc -Wall -O0 -g3 -c -fmessage-length=0 -MT"src/addersubtractor.o" -mcpu=cortex-a9 -mfpu=vfpv3 -mfloat-abi=hard -I../../Lab_1_bsp/ps7_cortexa9_0/include -MMD -MP -MF"src/addersubtractor.d" -MT"src/addersubtractor.o" -o "src/addersubtractor.o" "../src/addersubtractor.c"
'Finished building: ../src/addersubtractor.c'
' '
'Building target: addersubtractor.elf'
'Invoking: ARM v7 gcc linker'
arm-none-eabi-gcc -mcpu=cortex-a9 -mfpu=vfpv3 -mfloat-abi=hard -Wl,-build-id=none -specs=Xilinx.spec -Wl,-T -Wl,../src/lscript.ld -L../../Lab_1_bsp/ps7_cortexa9_0/lib -o "addersubtractor.elf"  ./src/addersubtractor.o   -Wl,--start-group,-lxil,-lgcc,-lc,--end-group
'Finished building target: addersubtractor.elf'
' '
'Invoking: ARM v7 Print Size'
arm-none-eabi-size addersubtractor.elf  |tee "addersubtractor.elf.size"
   text	   data	    bss	    dec	    hex	filename
  70600	   2580	  23328	  96508	  178fc	addersubtractor.elf
'Finished building: addersubtractor.elf.size'
' '
21:18:59 **** Auto Build of configuration Debug for project addersubtractor ****
make pre-build main-build 
a9-linaro-pre-build-step
' '
'Building file: ../src/addersubtractor.c'
'Invoking: ARM v7 gcc compiler'
arm-none-eabi-gcc -Wall -O0 -g3 -c -fmessage-length=0 -MT"src/addersubtractor.o" -mcpu=cortex-a9 -mfpu=vfpv3 -mfloat-abi=hard -I../../Lab_1_bsp/ps7_cortexa9_0/include -MMD -MP -MF"src/addersubtractor.d" -MT"src/addersubtractor.o" -o "src/addersubtractor.o" "../src/addersubtractor.c"
'Finished building: ../src/addersubtractor.c'
' '
'Building target: addersubtractor.elf'
'Invoking: ARM v7 gcc linker'
arm-none-eabi-gcc -mcpu=cortex-a9 -mfpu=vfpv3 -mfloat-abi=hard -Wl,-build-id=none -specs=Xilinx.spec -Wl,-T -Wl,../src/lscript.ld -L../../Lab_1_bsp/ps7_cortexa9_0/lib -o "addersubtractor.elf"  ./src/addersubtractor.o   -Wl,--start-group,-lxil,-lgcc,-lc,--end-group
'Finished building target: addersubtractor.elf'
' '
'Invoking: ARM v7 Print Size'
arm-none-eabi-size addersubtractor.elf  |tee "addersubtractor.elf.size"
   text	   data	    bss	    dec	    hex	filename
  70600	   2580	  23328	  96508	  178fc	addersubtractor.elf
'Finished building: addersubtractor.elf.size'
' '
21:19:12 **** Incremental Build of configuration Debug for project addersubtractor ****
make pre-build main-build 
a9-linaro-pre-build-step
' '
make: Nothing to be done for 'main-build'.
21:22:38 **** Auto Build of configuration Debug for project addersubtractor ****
make pre-build main-build 
a9-linaro-pre-build-step
' '
'Building file: ../src/addersubtractor.c'
'Invoking: ARM v7 gcc compiler'
arm-none-eabi-gcc -Wall -O0 -g3 -c -fmessage-length=0 -MT"src/addersubtractor.o" -mcpu=cortex-a9 -mfpu=vfpv3 -mfloat-abi=hard -I../../Lab_1_bsp/ps7_cortexa9_0/include -MMD -MP -MF"src/addersubtractor.d" -MT"src/addersubtractor.o" -o "src/addersubtractor.o" "../src/addersubtractor.c"
'Finished building: ../src/addersubtractor.c'
' '
'Building target: addersubtractor.elf'
'Invoking: ARM v7 gcc linker'
arm-none-eabi-gcc -mcpu=cortex-a9 -mfpu=vfpv3 -mfloat-abi=hard -Wl,-build-id=none -specs=Xilinx.spec -Wl,-T -Wl,../src/lscript.ld -L../../Lab_1_bsp/ps7_cortexa9_0/lib -o "addersubtractor.elf"  ./src/addersubtractor.o   -Wl,--start-group,-lxil,-lgcc,-lc,--end-group
'Finished building target: addersubtractor.elf'
' '
'Invoking: ARM v7 Print Size'
arm-none-eabi-size addersubtractor.elf  |tee "addersubtractor.elf.size"
   text	   data	    bss	    dec	    hex	filename
  70440	   2580	  23328	  96348	  1785c	addersubtractor.elf
'Finished building: addersubtractor.elf.size'
' '
21:22:59 **** Incremental Build of configuration Debug for project addersubtractor ****
make pre-build main-build 
a9-linaro-pre-build-step
' '
make: Nothing to be done for 'main-build'.
21:25:37 **** Incremental Build of configuration Debug for project addersubtractor ****
make pre-build main-build 
a9-linaro-pre-build-step
' '
make: Nothing to be done for 'main-build'.
21:40:59 **** Auto Build of configuration Debug for project addersubtractor ****
make pre-build main-build 
a9-linaro-pre-build-step
' '
'Building file: ../src/addersubtractor.c'
'Invoking: ARM v7 gcc compiler'
arm-none-eabi-gcc -Wall -O0 -g3 -c -fmessage-length=0 -MT"src/addersubtractor.o" -mcpu=cortex-a9 -mfpu=vfpv3 -mfloat-abi=hard -I../../Lab_1_bsp/ps7_cortexa9_0/include -MMD -MP -MF"src/addersubtractor.d" -MT"src/addersubtractor.o" -o "src/addersubtractor.o" "../src/addersubtractor.c"
../src/addersubtractor.c: In function 'printRandoms':
../src/addersubtractor.c:8:20: warning: implicit declaration of function 'rand'; did you mean 'rewind'? [-Wimplicit-function-declaration]
         int num = (rand() %
                    ^~~~
                    rewind
../src/addersubtractor.c: In function 'main':
../src/addersubtractor.c:18:13: error: void value not ignored as it ought to be
   regmap[0] = printRandoms(0, 30, 2); //input A
             ^
../src/addersubtractor.c:19:13: error: void value not ignored as it ought to be
   regmap[1] = printRandoms(0, 30, 3); //input B
             ^
../src/addersubtractor.c:20:13: error: void value not ignored as it ought to be
   regmap[2] = printRandoms(0,1,1); // input k = 0 or 1
             ^
../src/addersubtractor.c:23:12: warning: format '%i' expects argument of type 'int', but argument 2 has type 'uint32_t {aka long unsigned int}' [-Wformat=]
   printf("%i + %i = %3zu cout=%d (%s)\n",regmap[0], regmap[1], s,c,(s == regmap[0] + regmap[1]) ? "COR" : "ERR");
           ~^                             ~~~~~~~~~
           %li
../src/addersubtractor.c:23:17: warning: format '%i' expects argument of type 'int', but argument 3 has type 'uint32_t {aka long unsigned int}' [-Wformat=]
   printf("%i + %i = %3zu cout=%d (%s)\n",regmap[0], regmap[1], s,c,(s == regmap[0] + regmap[1]) ? "COR" : "ERR");
                ~^                                   ~~~~~~~~~
                %li
make: *** [src/subdir.mk:23: src/addersubtractor.o] Error 1
21:41:50 **** Auto Build of configuration Debug for project addersubtractor ****
make pre-build main-build 
a9-linaro-pre-build-step
' '
'Building file: ../src/addersubtractor.c'
'Invoking: ARM v7 gcc compiler'
arm-none-eabi-gcc -Wall -O0 -g3 -c -fmessage-length=0 -MT"src/addersubtractor.o" -mcpu=cortex-a9 -mfpu=vfpv3 -mfloat-abi=hard -I../../Lab_1_bsp/ps7_cortexa9_0/include -MMD -MP -MF"src/addersubtractor.d" -MT"src/addersubtractor.o" -o "src/addersubtractor.o" "../src/addersubtractor.c"
../src/addersubtractor.c: In function 'printRandoms':
../src/addersubtractor.c:8:20: warning: implicit declaration of function 'rand'; did you mean 'rewind'? [-Wimplicit-function-declaration]
         int num = (rand() %
                    ^~~~
                    rewind
../src/addersubtractor.c: In function 'main':
../src/addersubtractor.c:18:13: error: void value not ignored as it ought to be
   regmap[0] = printRandoms(0, 30, 2); //input A
             ^
../src/addersubtractor.c:19:13: error: void value not ignored as it ought to be
   regmap[1] = printRandoms(0, 30, 3); //input B
             ^
../src/addersubtractor.c:20:13: error: void value not ignored as it ought to be
   regmap[2] = printRandoms(0,1,1); // input k = 0 or 1
             ^
../src/addersubtractor.c:23:12: warning: format '%i' expects argument of type 'int', but argument 2 has type 'int32_t {aka long int}' [-Wformat=]
   printf("%i + %i = %3zu cout=%d (%s)\n",regmap[0], regmap[1], s,c,(s == regmap[0] + regmap[1]) ? "COR" : "ERR");
           ~^                             ~~~~~~~~~
           %li
../src/addersubtractor.c:23:17: warning: format '%i' expects argument of type 'int', but argument 3 has type 'int32_t {aka long int}' [-Wformat=]
   printf("%i + %i = %3zu cout=%d (%s)\n",regmap[0], regmap[1], s,c,(s == regmap[0] + regmap[1]) ? "COR" : "ERR");
                ~^                                   ~~~~~~~~~
                %li
make: *** [src/subdir.mk:23: src/addersubtractor.o] Error 1
21:42:58 **** Auto Build of configuration Debug for project addersubtractor ****
make pre-build main-build 
a9-linaro-pre-build-step
' '
'Building file: ../src/addersubtractor.c'
'Invoking: ARM v7 gcc compiler'
arm-none-eabi-gcc -Wall -O0 -g3 -c -fmessage-length=0 -MT"src/addersubtractor.o" -mcpu=cortex-a9 -mfpu=vfpv3 -mfloat-abi=hard -I../../Lab_1_bsp/ps7_cortexa9_0/include -MMD -MP -MF"src/addersubtractor.d" -MT"src/addersubtractor.o" -o "src/addersubtractor.o" "../src/addersubtractor.c"
../src/addersubtractor.c: In function 'main':
../src/addersubtractor.c:20:13: error: void value not ignored as it ought to be
   regmap[0] = printRandoms(0, 30, 2); //input A
             ^
../src/addersubtractor.c:21:13: error: void value not ignored as it ought to be
   regmap[1] = printRandoms(0, 30, 3); //input B
             ^
../src/addersubtractor.c:22:13: error: void value not ignored as it ought to be
   regmap[2] = printRandoms(0,1,1); // input k = 0 or 1
             ^
../src/addersubtractor.c:25:12: warning: format '%i' expects argument of type 'int', but argument 2 has type 'int32_t {aka long int}' [-Wformat=]
   printf("%i + %i = %3zu cout=%d (%s)\n",regmap[0], regmap[1], s,c,(s == regmap[0] + regmap[1]) ? "COR" : "ERR");
           ~^                             ~~~~~~~~~
           %li
../src/addersubtractor.c:25:17: warning: format '%i' expects argument of type 'int', but argument 3 has type 'int32_t {aka long int}' [-Wformat=]
   printf("%i + %i = %3zu cout=%d (%s)\n",regmap[0], regmap[1], s,c,(s == regmap[0] + regmap[1]) ? "COR" : "ERR");
                ~^                                   ~~~~~~~~~
                %li
make: *** [src/subdir.mk:23: src/addersubtractor.o] Error 1
21:43:15 **** Auto Build of configuration Debug for project addersubtractor ****
make pre-build main-build 
a9-linaro-pre-build-step
' '
'Building file: ../src/addersubtractor.c'
'Invoking: ARM v7 gcc compiler'
arm-none-eabi-gcc -Wall -O0 -g3 -c -fmessage-length=0 -MT"src/addersubtractor.o" -mcpu=cortex-a9 -mfpu=vfpv3 -mfloat-abi=hard -I../../Lab_1_bsp/ps7_cortexa9_0/include -MMD -MP -MF"src/addersubtractor.d" -MT"src/addersubtractor.o" -o "src/addersubtractor.o" "../src/addersubtractor.c"
../src/addersubtractor.c: In function 'main':
../src/addersubtractor.c:20:13: error: void value not ignored as it ought to be
   regmap[0] = printRandoms(0, 30, 2); //input A
             ^
../src/addersubtractor.c:21:13: error: void value not ignored as it ought to be
   regmap[1] = printRandoms(0, 30, 3); //input B
             ^
../src/addersubtractor.c:22:13: error: void value not ignored as it ought to be
   regmap[2] = printRandoms(0,1,1); // input k = 0 or 1
             ^
make: *** [src/subdir.mk:23: src/addersubtractor.o] Error 1
21:43:30 **** Auto Build of configuration Debug for project addersubtractor ****
make pre-build main-build 
a9-linaro-pre-build-step
' '
'Building file: ../src/addersubtractor.c'
'Invoking: ARM v7 gcc compiler'
arm-none-eabi-gcc -Wall -O0 -g3 -c -fmessage-length=0 -MT"src/addersubtractor.o" -mcpu=cortex-a9 -mfpu=vfpv3 -mfloat-abi=hard -I../../Lab_1_bsp/ps7_cortexa9_0/include -MMD -MP -MF"src/addersubtractor.d" -MT"src/addersubtractor.o" -o "src/addersubtractor.o" "../src/addersubtractor.c"
../src/addersubtractor.c: In function 'printRandoms':
../src/addersubtractor.c:14:1: warning: control reaches end of non-void function [-Wreturn-type]
 }
 ^
'Finished building: ../src/addersubtractor.c'
' '
'Building target: addersubtractor.elf'
'Invoking: ARM v7 gcc linker'
arm-none-eabi-gcc -mcpu=cortex-a9 -mfpu=vfpv3 -mfloat-abi=hard -Wl,-build-id=none -specs=Xilinx.spec -Wl,-T -Wl,../src/lscript.ld -L../../Lab_1_bsp/ps7_cortexa9_0/lib -o "addersubtractor.elf"  ./src/addersubtractor.o   -Wl,--start-group,-lxil,-lgcc,-lc,--end-group
'Finished building target: addersubtractor.elf'
' '
'Invoking: ARM v7 Print Size'
arm-none-eabi-size addersubtractor.elf  |tee "addersubtractor.elf.size"
   text	   data	    bss	    dec	    hex	filename
  70764	   2580	  23328	  96672	  179a0	addersubtractor.elf
'Finished building: addersubtractor.elf.size'
' '
21:43:48 **** Auto Build of configuration Debug for project addersubtractor ****
make pre-build main-build 
a9-linaro-pre-build-step
' '
'Building file: ../src/addersubtractor.c'
'Invoking: ARM v7 gcc compiler'
arm-none-eabi-gcc -Wall -O0 -g3 -c -fmessage-length=0 -MT"src/addersubtractor.o" -mcpu=cortex-a9 -mfpu=vfpv3 -mfloat-abi=hard -I../../Lab_1_bsp/ps7_cortexa9_0/include -MMD -MP -MF"src/addersubtractor.d" -MT"src/addersubtractor.o" -o "src/addersubtractor.o" "../src/addersubtractor.c"
../src/addersubtractor.c: In function 'printRandoms':
../src/addersubtractor.c:14:1: warning: control reaches end of non-void function [-Wreturn-type]
 }
 ^
'Finished building: ../src/addersubtractor.c'
' '
'Building target: addersubtractor.elf'
'Invoking: ARM v7 gcc linker'
arm-none-eabi-gcc -mcpu=cortex-a9 -mfpu=vfpv3 -mfloat-abi=hard -Wl,-build-id=none -specs=Xilinx.spec -Wl,-T -Wl,../src/lscript.ld -L../../Lab_1_bsp/ps7_cortexa9_0/lib -o "addersubtractor.elf"  ./src/addersubtractor.o   -Wl,--start-group,-lxil,-lgcc,-lc,--end-group
'Finished building target: addersubtractor.elf'
' '
'Invoking: ARM v7 Print Size'
arm-none-eabi-size addersubtractor.elf  |tee "addersubtractor.elf.size"
   text	   data	    bss	    dec	    hex	filename
  70764	   2580	  23328	  96672	  179a0	addersubtractor.elf
'Finished building: addersubtractor.elf.size'
' '
21:44:02 **** Auto Build of configuration Debug for project addersubtractor ****
make pre-build main-build 
a9-linaro-pre-build-step
' '
'Building file: ../src/addersubtractor.c'
'Invoking: ARM v7 gcc compiler'
arm-none-eabi-gcc -Wall -O0 -g3 -c -fmessage-length=0 -MT"src/addersubtractor.o" -mcpu=cortex-a9 -mfpu=vfpv3 -mfloat-abi=hard -I../../Lab_1_bsp/ps7_cortexa9_0/include -MMD -MP -MF"src/addersubtractor.d" -MT"src/addersubtractor.o" -o "src/addersubtractor.o" "../src/addersubtractor.c"
../src/addersubtractor.c: In function 'printRandoms':
../src/addersubtractor.c:14:1: warning: control reaches end of non-void function [-Wreturn-type]
 }
 ^
'Finished building: ../src/addersubtractor.c'
' '
'Building target: addersubtractor.elf'
'Invoking: ARM v7 gcc linker'
arm-none-eabi-gcc -mcpu=cortex-a9 -mfpu=vfpv3 -mfloat-abi=hard -Wl,-build-id=none -specs=Xilinx.spec -Wl,-T -Wl,../src/lscript.ld -L../../Lab_1_bsp/ps7_cortexa9_0/lib -o "addersubtractor.elf"  ./src/addersubtractor.o   -Wl,--start-group,-lxil,-lgcc,-lc,--end-group
'Finished building target: addersubtractor.elf'
' '
'Invoking: ARM v7 Print Size'
arm-none-eabi-size addersubtractor.elf  |tee "addersubtractor.elf.size"
   text	   data	    bss	    dec	    hex	filename
  70764	   2580	  23328	  96672	  179a0	addersubtractor.elf
'Finished building: addersubtractor.elf.size'
' '
21:44:37 **** Auto Build of configuration Debug for project addersubtractor ****
make pre-build main-build 
a9-linaro-pre-build-step
' '
'Building file: ../src/addersubtractor.c'
'Invoking: ARM v7 gcc compiler'
arm-none-eabi-gcc -Wall -O0 -g3 -c -fmessage-length=0 -MT"src/addersubtractor.o" -mcpu=cortex-a9 -mfpu=vfpv3 -mfloat-abi=hard -I../../Lab_1_bsp/ps7_cortexa9_0/include -MMD -MP -MF"src/addersubtractor.d" -MT"src/addersubtractor.o" -o "src/addersubtractor.o" "../src/addersubtractor.c"
../src/addersubtractor.c: In function 'printRandoms':
../src/addersubtractor.c:14:1: warning: control reaches end of non-void function [-Wreturn-type]
 }
 ^
'Finished building: ../src/addersubtractor.c'
' '
'Building target: addersubtractor.elf'
'Invoking: ARM v7 gcc linker'
arm-none-eabi-gcc -mcpu=cortex-a9 -mfpu=vfpv3 -mfloat-abi=hard -Wl,-build-id=none -specs=Xilinx.spec -Wl,-T -Wl,../src/lscript.ld -L../../Lab_1_bsp/ps7_cortexa9_0/lib -o "addersubtractor.elf"  ./src/addersubtractor.o   -Wl,--start-group,-lxil,-lgcc,-lc,--end-group
'Finished building target: addersubtractor.elf'
' '
'Invoking: ARM v7 Print Size'
arm-none-eabi-size addersubtractor.elf  |tee "addersubtractor.elf.size"
   text	   data	    bss	    dec	    hex	filename
  70756	   2580	  23328	  96664	  17998	addersubtractor.elf
'Finished building: addersubtractor.elf.size'
' '
21:45:20 **** Auto Build of configuration Debug for project addersubtractor ****
make pre-build main-build 
a9-linaro-pre-build-step
' '
'Building file: ../src/addersubtractor.c'
'Invoking: ARM v7 gcc compiler'
arm-none-eabi-gcc -Wall -O0 -g3 -c -fmessage-length=0 -MT"src/addersubtractor.o" -mcpu=cortex-a9 -mfpu=vfpv3 -mfloat-abi=hard -I../../Lab_1_bsp/ps7_cortexa9_0/include -MMD -MP -MF"src/addersubtractor.d" -MT"src/addersubtractor.o" -o "src/addersubtractor.o" "../src/addersubtractor.c"
../src/addersubtractor.c: In function 'printRandoms':
../src/addersubtractor.c:14:1: warning: control reaches end of non-void function [-Wreturn-type]
 }
 ^
'Finished building: ../src/addersubtractor.c'
' '
'Building target: addersubtractor.elf'
'Invoking: ARM v7 gcc linker'
arm-none-eabi-gcc -mcpu=cortex-a9 -mfpu=vfpv3 -mfloat-abi=hard -Wl,-build-id=none -specs=Xilinx.spec -Wl,-T -Wl,../src/lscript.ld -L../../Lab_1_bsp/ps7_cortexa9_0/lib -o "addersubtractor.elf"  ./src/addersubtractor.o   -Wl,--start-group,-lxil,-lgcc,-lc,--end-group
'Finished building target: addersubtractor.elf'
' '
'Invoking: ARM v7 Print Size'
arm-none-eabi-size addersubtractor.elf  |tee "addersubtractor.elf.size"
   text	   data	    bss	    dec	    hex	filename
  70756	   2580	  23328	  96664	  17998	addersubtractor.elf
'Finished building: addersubtractor.elf.size'
' '
21:46:25 **** Auto Build of configuration Debug for project addersubtractor ****
make pre-build main-build 
a9-linaro-pre-build-step
' '
'Building file: ../src/addersubtractor.c'
'Invoking: ARM v7 gcc compiler'
arm-none-eabi-gcc -Wall -O0 -g3 -c -fmessage-length=0 -MT"src/addersubtractor.o" -mcpu=cortex-a9 -mfpu=vfpv3 -mfloat-abi=hard -I../../Lab_1_bsp/ps7_cortexa9_0/include -MMD -MP -MF"src/addersubtractor.d" -MT"src/addersubtractor.o" -o "src/addersubtractor.o" "../src/addersubtractor.c"
../src/addersubtractor.c: In function 'printRandoms':
../src/addersubtractor.c:10:13: warning: unused variable 'num' [-Wunused-variable]
         int num = (rand() %
             ^~~
../src/addersubtractor.c:13:12: error: 'num' undeclared (first use in this function)
     return num;
            ^~~
../src/addersubtractor.c:13:12: note: each undeclared identifier is reported only once for each function it appears in
../src/addersubtractor.c:14:1: warning: control reaches end of non-void function [-Wreturn-type]
 }
 ^
make: *** [src/subdir.mk:23: src/addersubtractor.o] Error 1
21:46:35 **** Auto Build of configuration Debug for project addersubtractor ****
make pre-build main-build 
a9-linaro-pre-build-step
' '
'Building file: ../src/addersubtractor.c'
'Invoking: ARM v7 gcc compiler'
arm-none-eabi-gcc -Wall -O0 -g3 -c -fmessage-length=0 -MT"src/addersubtractor.o" -mcpu=cortex-a9 -mfpu=vfpv3 -mfloat-abi=hard -I../../Lab_1_bsp/ps7_cortexa9_0/include -MMD -MP -MF"src/addersubtractor.d" -MT"src/addersubtractor.o" -o "src/addersubtractor.o" "../src/addersubtractor.c"
../src/addersubtractor.c: In function 'printRandoms':
../src/addersubtractor.c:10:13: warning: unused variable 'num' [-Wunused-variable]
         int num = (rand() %
             ^~~
../src/addersubtractor.c:13:5: warning: 'return' with no value, in function returning non-void
     return;
     ^~~~~~
../src/addersubtractor.c:5:5: note: declared here
 int printRandoms(int lower, int upper,
     ^~~~~~~~~~~~
'Finished building: ../src/addersubtractor.c'
' '
'Building target: addersubtractor.elf'
'Invoking: ARM v7 gcc linker'
arm-none-eabi-gcc -mcpu=cortex-a9 -mfpu=vfpv3 -mfloat-abi=hard -Wl,-build-id=none -specs=Xilinx.spec -Wl,-T -Wl,../src/lscript.ld -L../../Lab_1_bsp/ps7_cortexa9_0/lib -o "addersubtractor.elf"  ./src/addersubtractor.o   -Wl,--start-group,-lxil,-lgcc,-lc,--end-group
'Finished building target: addersubtractor.elf'
' '
'Invoking: ARM v7 Print Size'
arm-none-eabi-size addersubtractor.elf  |tee "addersubtractor.elf.size"
   text	   data	    bss	    dec	    hex	filename
  70756	   2580	  23328	  96664	  17998	addersubtractor.elf
'Finished building: addersubtractor.elf.size'
' '
21:46:47 **** Auto Build of configuration Debug for project addersubtractor ****
make pre-build main-build 
a9-linaro-pre-build-step
' '
'Building file: ../src/addersubtractor.c'
'Invoking: ARM v7 gcc compiler'
arm-none-eabi-gcc -Wall -O0 -g3 -c -fmessage-length=0 -MT"src/addersubtractor.o" -mcpu=cortex-a9 -mfpu=vfpv3 -mfloat-abi=hard -I../../Lab_1_bsp/ps7_cortexa9_0/include -MMD -MP -MF"src/addersubtractor.d" -MT"src/addersubtractor.o" -o "src/addersubtractor.o" "../src/addersubtractor.c"
../src/addersubtractor.c: In function 'printRandoms':
../src/addersubtractor.c:14:5: warning: 'return' with no value, in function returning non-void
     return;
     ^~~~~~
../src/addersubtractor.c:5:5: note: declared here
 int printRandoms(int lower, int upper,
     ^~~~~~~~~~~~
'Finished building: ../src/addersubtractor.c'
' '
'Building target: addersubtractor.elf'
'Invoking: ARM v7 gcc linker'
arm-none-eabi-gcc -mcpu=cortex-a9 -mfpu=vfpv3 -mfloat-abi=hard -Wl,-build-id=none -specs=Xilinx.spec -Wl,-T -Wl,../src/lscript.ld -L../../Lab_1_bsp/ps7_cortexa9_0/lib -o "addersubtractor.elf"  ./src/addersubtractor.o   -Wl,--start-group,-lxil,-lgcc,-lc,--end-group
'Finished building target: addersubtractor.elf'
' '
'Invoking: ARM v7 Print Size'
arm-none-eabi-size addersubtractor.elf  |tee "addersubtractor.elf.size"
   text	   data	    bss	    dec	    hex	filename
  70756	   2580	  23328	  96664	  17998	addersubtractor.elf
'Finished building: addersubtractor.elf.size'
' '
21:47:25 **** Auto Build of configuration Debug for project addersubtractor ****
make pre-build main-build 
a9-linaro-pre-build-step
' '
'Building file: ../src/addersubtractor.c'
'Invoking: ARM v7 gcc compiler'
arm-none-eabi-gcc -Wall -O0 -g3 -c -fmessage-length=0 -MT"src/addersubtractor.o" -mcpu=cortex-a9 -mfpu=vfpv3 -mfloat-abi=hard -I../../Lab_1_bsp/ps7_cortexa9_0/include -MMD -MP -MF"src/addersubtractor.d" -MT"src/addersubtractor.o" -o "src/addersubtractor.o" "../src/addersubtractor.c"
'Finished building: ../src/addersubtractor.c'
' '
'Building target: addersubtractor.elf'
'Invoking: ARM v7 gcc linker'
arm-none-eabi-gcc -mcpu=cortex-a9 -mfpu=vfpv3 -mfloat-abi=hard -Wl,-build-id=none -specs=Xilinx.spec -Wl,-T -Wl,../src/lscript.ld -L../../Lab_1_bsp/ps7_cortexa9_0/lib -o "addersubtractor.elf"  ./src/addersubtractor.o   -Wl,--start-group,-lxil,-lgcc,-lc,--end-group
'Finished building target: addersubtractor.elf'
' '
'Invoking: ARM v7 Print Size'
arm-none-eabi-size addersubtractor.elf  |tee "addersubtractor.elf.size"
   text	   data	    bss	    dec	    hex	filename
  70756	   2580	  23328	  96664	  17998	addersubtractor.elf
'Finished building: addersubtractor.elf.size'
' '
21:48:30 **** Incremental Build of configuration Debug for project addersubtractor ****
make pre-build main-build 
a9-linaro-pre-build-step
' '
make: Nothing to be done for 'main-build'.
21:51:05 **** Auto Build of configuration Debug for project addersubtractor ****
make pre-build main-build 
a9-linaro-pre-build-step
' '
'Building file: ../src/addersubtractor.c'
'Invoking: ARM v7 gcc compiler'
arm-none-eabi-gcc -Wall -O0 -g3 -c -fmessage-length=0 -MT"src/addersubtractor.o" -mcpu=cortex-a9 -mfpu=vfpv3 -mfloat-abi=hard -I../../Lab_1_bsp/ps7_cortexa9_0/include -MMD -MP -MF"src/addersubtractor.d" -MT"src/addersubtractor.o" -o "src/addersubtractor.o" "../src/addersubtractor.c"
'Finished building: ../src/addersubtractor.c'
' '
'Building target: addersubtractor.elf'
'Invoking: ARM v7 gcc linker'
arm-none-eabi-gcc -mcpu=cortex-a9 -mfpu=vfpv3 -mfloat-abi=hard -Wl,-build-id=none -specs=Xilinx.spec -Wl,-T -Wl,../src/lscript.ld -L../../Lab_1_bsp/ps7_cortexa9_0/lib -o "addersubtractor.elf"  ./src/addersubtractor.o   -Wl,--start-group,-lxil,-lgcc,-lc,--end-group
'Finished building target: addersubtractor.elf'
' '
'Invoking: ARM v7 Print Size'
arm-none-eabi-size addersubtractor.elf  |tee "addersubtractor.elf.size"
   text	   data	    bss	    dec	    hex	filename
  70756	   2580	  23328	  96664	  17998	addersubtractor.elf
'Finished building: addersubtractor.elf.size'
' '
21:51:14 **** Auto Build of configuration Debug for project addersubtractor ****
make pre-build main-build 
a9-linaro-pre-build-step
' '
'Building file: ../src/addersubtractor.c'
'Invoking: ARM v7 gcc compiler'
arm-none-eabi-gcc -Wall -O0 -g3 -c -fmessage-length=0 -MT"src/addersubtractor.o" -mcpu=cortex-a9 -mfpu=vfpv3 -mfloat-abi=hard -I../../Lab_1_bsp/ps7_cortexa9_0/include -MMD -MP -MF"src/addersubtractor.d" -MT"src/addersubtractor.o" -o "src/addersubtractor.o" "../src/addersubtractor.c"
'Finished building: ../src/addersubtractor.c'
' '
'Building target: addersubtractor.elf'
'Invoking: ARM v7 gcc linker'
arm-none-eabi-gcc -mcpu=cortex-a9 -mfpu=vfpv3 -mfloat-abi=hard -Wl,-build-id=none -specs=Xilinx.spec -Wl,-T -Wl,../src/lscript.ld -L../../Lab_1_bsp/ps7_cortexa9_0/lib -o "addersubtractor.elf"  ./src/addersubtractor.o   -Wl,--start-group,-lxil,-lgcc,-lc,--end-group
'Finished building target: addersubtractor.elf'
' '
'Invoking: ARM v7 Print Size'
arm-none-eabi-size addersubtractor.elf  |tee "addersubtractor.elf.size"
   text	   data	    bss	    dec	    hex	filename
  70756	   2580	  23328	  96664	  17998	addersubtractor.elf
'Finished building: addersubtractor.elf.size'
' '
21:52:10 **** Incremental Build of configuration Debug for project addersubtractor ****
make pre-build main-build 
a9-linaro-pre-build-step
' '
make: Nothing to be done for 'main-build'.
21:53:48 **** Auto Build of configuration Debug for project addersubtractor ****
make pre-build main-build 
a9-linaro-pre-build-step
' '
'Building file: ../src/addersubtractor.c'
'Invoking: ARM v7 gcc compiler'
arm-none-eabi-gcc -Wall -O0 -g3 -c -fmessage-length=0 -MT"src/addersubtractor.o" -mcpu=cortex-a9 -mfpu=vfpv3 -mfloat-abi=hard -I../../Lab_1_bsp/ps7_cortexa9_0/include -MMD -MP -MF"src/addersubtractor.d" -MT"src/addersubtractor.o" -o "src/addersubtractor.o" "../src/addersubtractor.c"
'Finished building: ../src/addersubtractor.c'
' '
'Building target: addersubtractor.elf'
'Invoking: ARM v7 gcc linker'
arm-none-eabi-gcc -mcpu=cortex-a9 -mfpu=vfpv3 -mfloat-abi=hard -Wl,-build-id=none -specs=Xilinx.spec -Wl,-T -Wl,../src/lscript.ld -L../../Lab_1_bsp/ps7_cortexa9_0/lib -o "addersubtractor.elf"  ./src/addersubtractor.o   -Wl,--start-group,-lxil,-lgcc,-lc,--end-group
'Finished building target: addersubtractor.elf'
' '
'Invoking: ARM v7 Print Size'
arm-none-eabi-size addersubtractor.elf  |tee "addersubtractor.elf.size"
   text	   data	    bss	    dec	    hex	filename
  70820	   2580	  23328	  96728	  179d8	addersubtractor.elf
'Finished building: addersubtractor.elf.size'
' '
21:53:57 **** Incremental Build of configuration Debug for project addersubtractor ****
make pre-build main-build 
a9-linaro-pre-build-step
' '
make: Nothing to be done for 'main-build'.
21:55:18 **** Auto Build of configuration Debug for project addersubtractor ****
make pre-build main-build 
a9-linaro-pre-build-step
' '
'Building file: ../src/addersubtractor.c'
'Invoking: ARM v7 gcc compiler'
arm-none-eabi-gcc -Wall -O0 -g3 -c -fmessage-length=0 -MT"src/addersubtractor.o" -mcpu=cortex-a9 -mfpu=vfpv3 -mfloat-abi=hard -I../../Lab_1_bsp/ps7_cortexa9_0/include -MMD -MP -MF"src/addersubtractor.d" -MT"src/addersubtractor.o" -o "src/addersubtractor.o" "../src/addersubtractor.c"
'Finished building: ../src/addersubtractor.c'
' '
'Building target: addersubtractor.elf'
'Invoking: ARM v7 gcc linker'
arm-none-eabi-gcc -mcpu=cortex-a9 -mfpu=vfpv3 -mfloat-abi=hard -Wl,-build-id=none -specs=Xilinx.spec -Wl,-T -Wl,../src/lscript.ld -L../../Lab_1_bsp/ps7_cortexa9_0/lib -o "addersubtractor.elf"  ./src/addersubtractor.o   -Wl,--start-group,-lxil,-lgcc,-lc,--end-group
'Finished building target: addersubtractor.elf'
' '
'Invoking: ARM v7 Print Size'
arm-none-eabi-size addersubtractor.elf  |tee "addersubtractor.elf.size"
   text	   data	    bss	    dec	    hex	filename
  70820	   2580	  23328	  96728	  179d8	addersubtractor.elf
'Finished building: addersubtractor.elf.size'
' '
21:56:40 **** Incremental Build of configuration Debug for project addersubtractor ****
make pre-build main-build 
a9-linaro-pre-build-step
' '
make: Nothing to be done for 'main-build'.
21:58:29 **** Auto Build of configuration Debug for project addersubtractor ****
make pre-build main-build 
a9-linaro-pre-build-step
' '
'Building file: ../src/addersubtractor.c'
'Invoking: ARM v7 gcc compiler'
arm-none-eabi-gcc -Wall -O0 -g3 -c -fmessage-length=0 -MT"src/addersubtractor.o" -mcpu=cortex-a9 -mfpu=vfpv3 -mfloat-abi=hard -I../../Lab_1_bsp/ps7_cortexa9_0/include -MMD -MP -MF"src/addersubtractor.d" -MT"src/addersubtractor.o" -o "src/addersubtractor.o" "../src/addersubtractor.c"
../src/addersubtractor.c: In function 'main':
../src/addersubtractor.c:28:11: warning: unused variable 'c' [-Wunused-variable]
    size_t c = regmap[2]; // output Cout
           ^
'Finished building: ../src/addersubtractor.c'
' '
'Building target: addersubtractor.elf'
'Invoking: ARM v7 gcc linker'
arm-none-eabi-gcc -mcpu=cortex-a9 -mfpu=vfpv3 -mfloat-abi=hard -Wl,-build-id=none -specs=Xilinx.spec -Wl,-T -Wl,../src/lscript.ld -L../../Lab_1_bsp/ps7_cortexa9_0/lib -o "addersubtractor.elf"  ./src/addersubtractor.o   -Wl,--start-group,-lxil,-lgcc,-lc,--end-group
'Finished building target: addersubtractor.elf'
' '
'Invoking: ARM v7 Print Size'
arm-none-eabi-size addersubtractor.elf  |tee "addersubtractor.elf.size"
   text	   data	    bss	    dec	    hex	filename
  70748	   2580	  23328	  96656	  17990	addersubtractor.elf
'Finished building: addersubtractor.elf.size'
' '
21:58:57 **** Incremental Build of configuration Debug for project addersubtractor ****
make pre-build main-build 
a9-linaro-pre-build-step
' '
make: Nothing to be done for 'main-build'.
22:00:30 **** Auto Build of configuration Debug for project addersubtractor ****
make pre-build main-build 
a9-linaro-pre-build-step
' '
'Building file: ../src/addersubtractor.c'
'Invoking: ARM v7 gcc compiler'
arm-none-eabi-gcc -Wall -O0 -g3 -c -fmessage-length=0 -MT"src/addersubtractor.o" -mcpu=cortex-a9 -mfpu=vfpv3 -mfloat-abi=hard -I../../Lab_1_bsp/ps7_cortexa9_0/include -MMD -MP -MF"src/addersubtractor.d" -MT"src/addersubtractor.o" -o "src/addersubtractor.o" "../src/addersubtractor.c"
../src/addersubtractor.c: In function 'main':
../src/addersubtractor.c:28:11: warning: unused variable 'c' [-Wunused-variable]
    size_t c = regmap[2]; // output Cout
           ^
'Finished building: ../src/addersubtractor.c'
' '
'Building target: addersubtractor.elf'
'Invoking: ARM v7 gcc linker'
arm-none-eabi-gcc -mcpu=cortex-a9 -mfpu=vfpv3 -mfloat-abi=hard -Wl,-build-id=none -specs=Xilinx.spec -Wl,-T -Wl,../src/lscript.ld -L../../Lab_1_bsp/ps7_cortexa9_0/lib -o "addersubtractor.elf"  ./src/addersubtractor.o   -Wl,--start-group,-lxil,-lgcc,-lc,--end-group
'Finished building target: addersubtractor.elf'
' '
'Invoking: ARM v7 Print Size'
arm-none-eabi-size addersubtractor.elf  |tee "addersubtractor.elf.size"
   text	   data	    bss	    dec	    hex	filename
  70748	   2580	  23328	  96656	  17990	addersubtractor.elf
'Finished building: addersubtractor.elf.size'
' '
22:00:41 **** Incremental Build of configuration Debug for project addersubtractor ****
make pre-build main-build 
a9-linaro-pre-build-step
' '
make: Nothing to be done for 'main-build'.
22:04:30 **** Auto Build of configuration Debug for project addersubtractor ****
make pre-build main-build 
a9-linaro-pre-build-step
' '
'Building file: ../src/addersubtractor.c'
'Invoking: ARM v7 gcc compiler'
arm-none-eabi-gcc -Wall -O0 -g3 -c -fmessage-length=0 -MT"src/addersubtractor.o" -mcpu=cortex-a9 -mfpu=vfpv3 -mfloat-abi=hard -I../../Lab_1_bsp/ps7_cortexa9_0/include -MMD -MP -MF"src/addersubtractor.d" -MT"src/addersubtractor.o" -o "src/addersubtractor.o" "../src/addersubtractor.c"
../src/addersubtractor.c: In function 'main':
../src/addersubtractor.c:25:4: warning: implicit declaration of function 'print'; did you mean 'printf'? [-Wimplicit-function-declaration]
    print(regmap[0]);
    ^~~~~
    printf
'Finished building: ../src/addersubtractor.c'
' '
'Building target: addersubtractor.elf'
'Invoking: ARM v7 gcc linker'
arm-none-eabi-gcc -mcpu=cortex-a9 -mfpu=vfpv3 -mfloat-abi=hard -Wl,-build-id=none -specs=Xilinx.spec -Wl,-T -Wl,../src/lscript.ld -L../../Lab_1_bsp/ps7_cortexa9_0/lib -o "addersubtractor.elf"  ./src/addersubtractor.o   -Wl,--start-group,-lxil,-lgcc,-lc,--end-group
'Finished building target: addersubtractor.elf'
' '
'Invoking: ARM v7 Print Size'
arm-none-eabi-size addersubtractor.elf  |tee "addersubtractor.elf.size"
   text	   data	    bss	    dec	    hex	filename
  20352	   1144	  22568	  44064	   ac20	addersubtractor.elf
'Finished building: addersubtractor.elf.size'
' '
22:04:42 **** Auto Build of configuration Debug for project addersubtractor ****
make pre-build main-build 
a9-linaro-pre-build-step
' '
'Building file: ../src/addersubtractor.c'
'Invoking: ARM v7 gcc compiler'
arm-none-eabi-gcc -Wall -O0 -g3 -c -fmessage-length=0 -MT"src/addersubtractor.o" -mcpu=cortex-a9 -mfpu=vfpv3 -mfloat-abi=hard -I../../Lab_1_bsp/ps7_cortexa9_0/include -MMD -MP -MF"src/addersubtractor.d" -MT"src/addersubtractor.o" -o "src/addersubtractor.o" "../src/addersubtractor.c"
../src/addersubtractor.c: In function 'main':
../src/addersubtractor.c:25:11: warning: passing argument 1 of 'printf' makes pointer from integer without a cast [-Wint-conversion]
    printf(regmap[0]);
           ^~~~~~
In file included from c:\xilinx\sdk\2018.3\gnu\aarch32\nt\gcc-arm-none-eabi\arm-none-eabi\libc\usr\include\stdio.h:29:0,
                 from ../src/addersubtractor.c:1:
c:\xilinx\sdk\2018.3\gnu\aarch32\nt\gcc-arm-none-eabi\arm-none-eabi\libc\usr\include\stdio.h:181:5: note: expected 'const char * restrict' but argument is of type 'int'
 int _EXFUN(printf, (const char *__restrict, ...)
     ^
../src/addersubtractor.c:26:4: warning: implicit declaration of function 'print'; did you mean 'printf'? [-Wimplicit-function-declaration]
    print("+");
    ^~~~~
    printf
'Finished building: ../src/addersubtractor.c'
' '
'Building target: addersubtractor.elf'
'Invoking: ARM v7 gcc linker'
arm-none-eabi-gcc -mcpu=cortex-a9 -mfpu=vfpv3 -mfloat-abi=hard -Wl,-build-id=none -specs=Xilinx.spec -Wl,-T -Wl,../src/lscript.ld -L../../Lab_1_bsp/ps7_cortexa9_0/lib -o "addersubtractor.elf"  ./src/addersubtractor.o   -Wl,--start-group,-lxil,-lgcc,-lc,--end-group
'Finished building target: addersubtractor.elf'
' '
'Invoking: ARM v7 Print Size'
arm-none-eabi-size addersubtractor.elf  |tee "addersubtractor.elf.size"
   text	   data	    bss	    dec	    hex	filename
  70784	   2580	  23328	  96692	  179b4	addersubtractor.elf
'Finished building: addersubtractor.elf.size'
' '
22:04:55 **** Auto Build of configuration Debug for project addersubtractor ****
make pre-build main-build 
a9-linaro-pre-build-step
' '
'Building file: ../src/addersubtractor.c'
'Invoking: ARM v7 gcc compiler'
arm-none-eabi-gcc -Wall -O0 -g3 -c -fmessage-length=0 -MT"src/addersubtractor.o" -mcpu=cortex-a9 -mfpu=vfpv3 -mfloat-abi=hard -I../../Lab_1_bsp/ps7_cortexa9_0/include -MMD -MP -MF"src/addersubtractor.d" -MT"src/addersubtractor.o" -o "src/addersubtractor.o" "../src/addersubtractor.c"
../src/addersubtractor.c: In function 'main':
../src/addersubtractor.c:25:11: warning: passing argument 1 of 'printf' makes pointer from integer without a cast [-Wint-conversion]
    printf(regmap[0]);
           ^~~~~~
In file included from c:\xilinx\sdk\2018.3\gnu\aarch32\nt\gcc-arm-none-eabi\arm-none-eabi\libc\usr\include\stdio.h:29:0,
                 from ../src/addersubtractor.c:1:
c:\xilinx\sdk\2018.3\gnu\aarch32\nt\gcc-arm-none-eabi\arm-none-eabi\libc\usr\include\stdio.h:181:5: note: expected 'const char * restrict' but argument is of type 'int'
 int _EXFUN(printf, (const char *__restrict, ...)
     ^
../src/addersubtractor.c:28:11: warning: passing argument 1 of 'printf' makes pointer from integer without a cast [-Wint-conversion]
    printf(regmap[1]);
           ^~~~~~
In file included from c:\xilinx\sdk\2018.3\gnu\aarch32\nt\gcc-arm-none-eabi\arm-none-eabi\libc\usr\include\stdio.h:29:0,
                 from ../src/addersubtractor.c:1:
c:\xilinx\sdk\2018.3\gnu\aarch32\nt\gcc-arm-none-eabi\arm-none-eabi\libc\usr\include\stdio.h:181:5: note: expected 'const char * restrict' but argument is of type 'int'
 int _EXFUN(printf, (const char *__restrict, ...)
     ^
../src/addersubtractor.c:33:11: warning: passing argument 1 of 'printf' makes pointer from integer without a cast [-Wint-conversion]
    printf(s);
           ^
In file included from c:\xilinx\sdk\2018.3\gnu\aarch32\nt\gcc-arm-none-eabi\arm-none-eabi\libc\usr\include\stdio.h:29:0,
                 from ../src/addersubtractor.c:1:
c:\xilinx\sdk\2018.3\gnu\aarch32\nt\gcc-arm-none-eabi\arm-none-eabi\libc\usr\include\stdio.h:181:5: note: expected 'const char * restrict' but argument is of type 'int'
 int _EXFUN(printf, (const char *__restrict, ...)
     ^
../src/addersubtractor.c:35:11: warning: passing argument 1 of 'printf' makes pointer from integer without a cast [-Wint-conversion]
    printf(c);
           ^
In file included from c:\xilinx\sdk\2018.3\gnu\aarch32\nt\gcc-arm-none-eabi\arm-none-eabi\libc\usr\include\stdio.h:29:0,
                 from ../src/addersubtractor.c:1:
c:\xilinx\sdk\2018.3\gnu\aarch32\nt\gcc-arm-none-eabi\arm-none-eabi\libc\usr\include\stdio.h:181:5: note: expected 'const char * restrict' but argument is of type 'size_t {aka unsigned int}'
 int _EXFUN(printf, (const char *__restrict, ...)
     ^
'Finished building: ../src/addersubtractor.c'
' '
'Building target: addersubtractor.elf'
'Invoking: ARM v7 gcc linker'
arm-none-eabi-gcc -mcpu=cortex-a9 -mfpu=vfpv3 -mfloat-abi=hard -Wl,-build-id=none -specs=Xilinx.spec -Wl,-T -Wl,../src/lscript.ld -L../../Lab_1_bsp/ps7_cortexa9_0/lib -o "addersubtractor.elf"  ./src/addersubtractor.o   -Wl,--start-group,-lxil,-lgcc,-lc,--end-group
'Finished building target: addersubtractor.elf'
' '
'Invoking: ARM v7 Print Size'
arm-none-eabi-size addersubtractor.elf  |tee "addersubtractor.elf.size"
   text	   data	    bss	    dec	    hex	filename
  71044	   2580	  23328	  96952	  17ab8	addersubtractor.elf
'Finished building: addersubtractor.elf.size'
' '
22:06:09 **** Auto Build of configuration Debug for project addersubtractor ****
make pre-build main-build 
a9-linaro-pre-build-step
' '
'Building file: ../src/addersubtractor.c'
'Invoking: ARM v7 gcc compiler'
arm-none-eabi-gcc -Wall -O0 -g3 -c -fmessage-length=0 -MT"src/addersubtractor.o" -mcpu=cortex-a9 -mfpu=vfpv3 -mfloat-abi=hard -I../../Lab_1_bsp/ps7_cortexa9_0/include -MMD -MP -MF"src/addersubtractor.d" -MT"src/addersubtractor.o" -o "src/addersubtractor.o" "../src/addersubtractor.c"
'Finished building: ../src/addersubtractor.c'
' '
'Building target: addersubtractor.elf'
'Invoking: ARM v7 gcc linker'
arm-none-eabi-gcc -mcpu=cortex-a9 -mfpu=vfpv3 -mfloat-abi=hard -Wl,-build-id=none -specs=Xilinx.spec -Wl,-T -Wl,../src/lscript.ld -L../../Lab_1_bsp/ps7_cortexa9_0/lib -o "addersubtractor.elf"  ./src/addersubtractor.o   -Wl,--start-group,-lxil,-lgcc,-lc,--end-group
'Finished building target: addersubtractor.elf'
' '
'Invoking: ARM v7 Print Size'
arm-none-eabi-size addersubtractor.elf  |tee "addersubtractor.elf.size"
   text	   data	    bss	    dec	    hex	filename
  71116	   2580	  23328	  97024	  17b00	addersubtractor.elf
'Finished building: addersubtractor.elf.size'
' '
22:06:30 **** Incremental Build of configuration Debug for project addersubtractor ****
make pre-build main-build 
a9-linaro-pre-build-step
' '
make: Nothing to be done for 'main-build'.
22:13:10 **** Auto Build of configuration Debug for project addersubtractor ****
make pre-build main-build 
a9-linaro-pre-build-step
' '
'Building file: ../src/addersubtractor.c'
'Invoking: ARM v7 gcc compiler'
arm-none-eabi-gcc -Wall -O0 -g3 -c -fmessage-length=0 -MT"src/addersubtractor.o" -mcpu=cortex-a9 -mfpu=vfpv3 -mfloat-abi=hard -I../../Lab_1_bsp/ps7_cortexa9_0/include -MMD -MP -MF"src/addersubtractor.d" -MT"src/addersubtractor.o" -o "src/addersubtractor.o" "../src/addersubtractor.c"
../src/addersubtractor.c: In function 'main':
../src/addersubtractor.c:45:6: warning: unused variable 'c' [-Wunused-variable]
  int c = regmap[2]; //cout
      ^
'Finished building: ../src/addersubtractor.c'
' '
'Building target: addersubtractor.elf'
'Invoking: ARM v7 gcc linker'
arm-none-eabi-gcc -mcpu=cortex-a9 -mfpu=vfpv3 -mfloat-abi=hard -Wl,-build-id=none -specs=Xilinx.spec -Wl,-T -Wl,../src/lscript.ld -L../../Lab_1_bsp/ps7_cortexa9_0/lib -o "addersubtractor.elf"  ./src/addersubtractor.o   -Wl,--start-group,-lxil,-lgcc,-lc,--end-group
'Finished building target: addersubtractor.elf'
' '
'Invoking: ARM v7 Print Size'
[...]
'Finished building target: addersubtractor.elf'
' '
'Invoking: ARM v7 Print Size'
arm-none-eabi-size addersubtractor.elf  |tee "addersubtractor.elf.size"
   text	   data	    bss	    dec	    hex	filename
  70736	   2580	  23328	  96644	  17984	addersubtractor.elf
'Finished building: addersubtractor.elf.size'
' '
11:29:50 **** Auto Build of configuration Debug for project addersubtractor ****
make pre-build main-build 
a9-linaro-pre-build-step
' '
'Building file: ../src/addersubtractor.c'
'Invoking: ARM v7 gcc compiler'
arm-none-eabi-gcc -Wall -O0 -g3 -c -fmessage-length=0 -MT"src/addersubtractor.o" -mcpu=cortex-a9 -mfpu=vfpv3 -mfloat-abi=hard -I../../Lab_1_bsp/ps7_cortexa9_0/include -MMD -MP -MF"src/addersubtractor.d" -MT"src/addersubtractor.o" -o "src/addersubtractor.o" "../src/addersubtractor.c"
../src/addersubtractor.c: In function 'main':
../src/addersubtractor.c:13:17: warning: overflow in implicit constant conversion [-Woverflow]
    long int x = 4294967298;
                 ^~~~~~~~~~
../src/addersubtractor.c:14:17: warning: overflow in implicit constant conversion [-Woverflow]
    long int y = 4294967296;
                 ^~~~~~~~~~
'Finished building: ../src/addersubtractor.c'
' '
'Building target: addersubtractor.elf'
'Invoking: ARM v7 gcc linker'
arm-none-eabi-gcc -mcpu=cortex-a9 -mfpu=vfpv3 -mfloat-abi=hard -Wl,-build-id=none -specs=Xilinx.spec -Wl,-T -Wl,../src/lscript.ld -L../../Lab_1_bsp/ps7_cortexa9_0/lib -o "addersubtractor.elf"  ./src/addersubtractor.o   -Wl,--start-group,-lxil,-lgcc,-lc,--end-group
'Finished building target: addersubtractor.elf'
' '
'Invoking: ARM v7 Print Size'
arm-none-eabi-size addersubtractor.elf  |tee "addersubtractor.elf.size"
   text	   data	    bss	    dec	    hex	filename
  70728	   2580	  23328	  96636	  1797c	addersubtractor.elf
'Finished building: addersubtractor.elf.size'
' '
11:32:10 **** Auto Build of configuration Debug for project addersubtractor ****
make pre-build main-build 
a9-linaro-pre-build-step
' '
'Building file: ../src/addersubtractor.c'
'Invoking: ARM v7 gcc compiler'
arm-none-eabi-gcc -Wall -O0 -g3 -c -fmessage-length=0 -MT"src/addersubtractor.o" -mcpu=cortex-a9 -mfpu=vfpv3 -mfloat-abi=hard -I../../Lab_1_bsp/ps7_cortexa9_0/include -MMD -MP -MF"src/addersubtractor.d" -MT"src/addersubtractor.o" -o "src/addersubtractor.o" "../src/addersubtractor.c"
../src/addersubtractor.c: In function 'main':
../src/addersubtractor.c:13:17: warning: large integer implicitly truncated to unsigned type [-Woverflow]
    uint32_t x = 4294967298;
                 ^~~~~~~~~~
../src/addersubtractor.c:14:13: error: expected identifier or '(' before '=' token
    uint32_t = 4294967296;
             ^
../src/addersubtractor.c:17:16: error: 'y' undeclared (first use in this function)
    regmap[1] = y; //input B
                ^
../src/addersubtractor.c:17:16: note: each undeclared identifier is reported only once for each function it appears in
make: *** [src/subdir.mk:23: src/addersubtractor.o] Error 1
11:32:22 **** Auto Build of configuration Debug for project addersubtractor ****
make pre-build main-build 
a9-linaro-pre-build-step
' '
'Building file: ../src/addersubtractor.c'
'Invoking: ARM v7 gcc compiler'
arm-none-eabi-gcc -Wall -O0 -g3 -c -fmessage-length=0 -MT"src/addersubtractor.o" -mcpu=cortex-a9 -mfpu=vfpv3 -mfloat-abi=hard -I../../Lab_1_bsp/ps7_cortexa9_0/include -MMD -MP -MF"src/addersubtractor.d" -MT"src/addersubtractor.o" -o "src/addersubtractor.o" "../src/addersubtractor.c"
../src/addersubtractor.c: In function 'main':
../src/addersubtractor.c:13:17: warning: large integer implicitly truncated to unsigned type [-Woverflow]
    uint32_t x = 4294967298;
                 ^~~~~~~~~~
../src/addersubtractor.c:14:17: warning: large integer implicitly truncated to unsigned type [-Woverflow]
    uint32_t y = 4294967296;
                 ^~~~~~~~~~
../src/addersubtractor.c:22:26: warning: format '%li' expects argument of type 'long int', but argument 4 has type 'size_t {aka unsigned int}' [-Wformat=]
    printf("%li + %li = %li cout=%d (%s)\n",x,y,r,c,(r == x+y) ? "COR" : "ERR");
                        ~~^
                        %i
../src/addersubtractor.c:25:27: warning: format '%li' expects argument of type 'long int', but argument 4 has type 'size_t {aka unsigned int}' [-Wformat=]
     printf("%li - %li = %li cout=%d (%s)\n",x,y,r,c,(r == x-y) ? "COR" : "ERR");
                         ~~^
                         %i
'Finished building: ../src/addersubtractor.c'
' '
'Building target: addersubtractor.elf'
'Invoking: ARM v7 gcc linker'
arm-none-eabi-gcc -mcpu=cortex-a9 -mfpu=vfpv3 -mfloat-abi=hard -Wl,-build-id=none -specs=Xilinx.spec -Wl,-T -Wl,../src/lscript.ld -L../../Lab_1_bsp/ps7_cortexa9_0/lib -o "addersubtractor.elf"  ./src/addersubtractor.o   -Wl,--start-group,-lxil,-lgcc,-lc,--end-group
'Finished building target: addersubtractor.elf'
' '
'Invoking: ARM v7 Print Size'
arm-none-eabi-size addersubtractor.elf  |tee "addersubtractor.elf.size"
   text	   data	    bss	    dec	    hex	filename
  70728	   2580	  23328	  96636	  1797c	addersubtractor.elf
'Finished building: addersubtractor.elf.size'
' '
11:32:37 **** Auto Build of configuration Debug for project addersubtractor ****
make pre-build main-build 
a9-linaro-pre-build-step
' '
'Building file: ../src/addersubtractor.c'
'Invoking: ARM v7 gcc compiler'
arm-none-eabi-gcc -Wall -O0 -g3 -c -fmessage-length=0 -MT"src/addersubtractor.o" -mcpu=cortex-a9 -mfpu=vfpv3 -mfloat-abi=hard -I../../Lab_1_bsp/ps7_cortexa9_0/include -MMD -MP -MF"src/addersubtractor.d" -MT"src/addersubtractor.o" -o "src/addersubtractor.o" "../src/addersubtractor.c"
../src/addersubtractor.c: In function 'main':
../src/addersubtractor.c:14:18: warning: suggest parentheses around arithmetic in operand of '^' [-Wparentheses]
    uint32_t y = 2^32-1;
                  ^
../src/addersubtractor.c:22:26: warning: format '%li' expects argument of type 'long int', but argument 4 has type 'size_t {aka unsigned int}' [-Wformat=]
    printf("%li + %li = %li cout=%d (%s)\n",x,y,r,c,(r == x+y) ? "COR" : "ERR");
                        ~~^
                        %i
../src/addersubtractor.c:25:27: warning: format '%li' expects argument of type 'long int', but argument 4 has type 'size_t {aka unsigned int}' [-Wformat=]
     printf("%li - %li = %li cout=%d (%s)\n",x,y,r,c,(r == x-y) ? "COR" : "ERR");
                         ~~^
                         %i
'Finished building: ../src/addersubtractor.c'
' '
'Building target: addersubtractor.elf'
'Invoking: ARM v7 gcc linker'
arm-none-eabi-gcc -mcpu=cortex-a9 -mfpu=vfpv3 -mfloat-abi=hard -Wl,-build-id=none -specs=Xilinx.spec -Wl,-T -Wl,../src/lscript.ld -L../../Lab_1_bsp/ps7_cortexa9_0/lib -o "addersubtractor.elf"  ./src/addersubtractor.o   -Wl,--start-group,-lxil,-lgcc,-lc,--end-group
'Finished building target: addersubtractor.elf'
' '
'Invoking: ARM v7 Print Size'
arm-none-eabi-size addersubtractor.elf  |tee "addersubtractor.elf.size"
   text	   data	    bss	    dec	    hex	filename
  70728	   2580	  23328	  96636	  1797c	addersubtractor.elf
'Finished building: addersubtractor.elf.size'
' '
11:32:55 **** Auto Build of configuration Debug for project addersubtractor ****
make pre-build main-build 
a9-linaro-pre-build-step
' '
'Building file: ../src/addersubtractor.c'
'Invoking: ARM v7 gcc compiler'
arm-none-eabi-gcc -Wall -O0 -g3 -c -fmessage-length=0 -MT"src/addersubtractor.o" -mcpu=cortex-a9 -mfpu=vfpv3 -mfloat-abi=hard -I../../Lab_1_bsp/ps7_cortexa9_0/include -MMD -MP -MF"src/addersubtractor.d" -MT"src/addersubtractor.o" -o "src/addersubtractor.o" "../src/addersubtractor.c"
../src/addersubtractor.c: In function 'main':
../src/addersubtractor.c:22:26: warning: format '%li' expects argument of type 'long int', but argument 4 has type 'size_t {aka unsigned int}' [-Wformat=]
    printf("%li + %li = %li cout=%d (%s)\n",x,y,r,c,(r == x+y) ? "COR" : "ERR");
                        ~~^
                        %i
../src/addersubtractor.c:25:27: warning: format '%li' expects argument of type 'long int', but argument 4 has type 'size_t {aka unsigned int}' [-Wformat=]
     printf("%li - %li = %li cout=%d (%s)\n",x,y,r,c,(r == x-y) ? "COR" : "ERR");
                         ~~^
                         %i
'Finished building: ../src/addersubtractor.c'
' '
'Building target: addersubtractor.elf'
'Invoking: ARM v7 gcc linker'
arm-none-eabi-gcc -mcpu=cortex-a9 -mfpu=vfpv3 -mfloat-abi=hard -Wl,-build-id=none -specs=Xilinx.spec -Wl,-T -Wl,../src/lscript.ld -L../../Lab_1_bsp/ps7_cortexa9_0/lib -o "addersubtractor.elf"  ./src/addersubtractor.o   -Wl,--start-group,-lxil,-lgcc,-lc,--end-group
'Finished building target: addersubtractor.elf'
' '
'Invoking: ARM v7 Print Size'
arm-none-eabi-size addersubtractor.elf  |tee "addersubtractor.elf.size"
   text	   data	    bss	    dec	    hex	filename
  70728	   2580	  23328	  96636	  1797c	addersubtractor.elf
'Finished building: addersubtractor.elf.size'
' '
11:34:02 **** Auto Build of configuration Debug for project addersubtractor ****
make pre-build main-build 
a9-linaro-pre-build-step
' '
'Building file: ../src/addersubtractor.c'
'Invoking: ARM v7 gcc compiler'
arm-none-eabi-gcc -Wall -O0 -g3 -c -fmessage-length=0 -MT"src/addersubtractor.o" -mcpu=cortex-a9 -mfpu=vfpv3 -mfloat-abi=hard -I../../Lab_1_bsp/ps7_cortexa9_0/include -MMD -MP -MF"src/addersubtractor.d" -MT"src/addersubtractor.o" -o "src/addersubtractor.o" "../src/addersubtractor.c"
../src/addersubtractor.c: In function 'main':
../src/addersubtractor.c:22:15: warning: format '%zu' expects argument of type 'size_t', but argument 2 has type 'uint32_t {aka long unsigned int}' [-Wformat=]
    printf("%2zu + %2zu = %3zu cout=%d (%s)\n",x,y,r,c,(r == x+y) ? "COR" : "ERR");
            ~~~^
            %2lu
../src/addersubtractor.c:22:22: warning: format '%zu' expects argument of type 'size_t', but argument 3 has type 'uint32_t {aka long unsigned int}' [-Wformat=]
    printf("%2zu + %2zu = %3zu cout=%d (%s)\n",x,y,r,c,(r == x+y) ? "COR" : "ERR");
                   ~~~^
                   %2lu
../src/addersubtractor.c:25:16: warning: format '%zu' expects argument of type 'size_t', but argument 2 has type 'uint32_t {aka long unsigned int}' [-Wformat=]
     printf("%2zu - %2zu = %3zu cout=%d (%s)\n",x,y,r,c,(r == x-y) ? "COR" : "ERR");
             ~~~^
             %2lu
../src/addersubtractor.c:25:23: warning: format '%zu' expects argument of type 'size_t', but argument 3 has type 'uint32_t {aka long unsigned int}' [-Wformat=]
     printf("%2zu - %2zu = %3zu cout=%d (%s)\n",x,y,r,c,(r == x-y) ? "COR" : "ERR");
                    ~~~^
                    %2lu
'Finished building: ../src/addersubtractor.c'
' '
'Building target: addersubtractor.elf'
'Invoking: ARM v7 gcc linker'
arm-none-eabi-gcc -mcpu=cortex-a9 -mfpu=vfpv3 -mfloat-abi=hard -Wl,-build-id=none -specs=Xilinx.spec -Wl,-T -Wl,../src/lscript.ld -L../../Lab_1_bsp/ps7_cortexa9_0/lib -o "addersubtractor.elf"  ./src/addersubtractor.o   -Wl,--start-group,-lxil,-lgcc,-lc,--end-group
'Finished building target: addersubtractor.elf'
' '
'Invoking: ARM v7 Print Size'
arm-none-eabi-size addersubtractor.elf  |tee "addersubtractor.elf.size"
   text	   data	    bss	    dec	    hex	filename
  70736	   2580	  23328	  96644	  17984	addersubtractor.elf
'Finished building: addersubtractor.elf.size'
' '
11:34:25 **** Auto Build of configuration Debug for project addersubtractor ****
make pre-build main-build 
a9-linaro-pre-build-step
' '
'Building file: ../src/addersubtractor.c'
'Invoking: ARM v7 gcc compiler'
arm-none-eabi-gcc -Wall -O0 -g3 -c -fmessage-length=0 -MT"src/addersubtractor.o" -mcpu=cortex-a9 -mfpu=vfpv3 -mfloat-abi=hard -I../../Lab_1_bsp/ps7_cortexa9_0/include -MMD -MP -MF"src/addersubtractor.d" -MT"src/addersubtractor.o" -o "src/addersubtractor.o" "../src/addersubtractor.c"
'Finished building: ../src/addersubtractor.c'
' '
'Building target: addersubtractor.elf'
'Invoking: ARM v7 gcc linker'
arm-none-eabi-gcc -mcpu=cortex-a9 -mfpu=vfpv3 -mfloat-abi=hard -Wl,-build-id=none -specs=Xilinx.spec -Wl,-T -Wl,../src/lscript.ld -L../../Lab_1_bsp/ps7_cortexa9_0/lib -o "addersubtractor.elf"  ./src/addersubtractor.o   -Wl,--start-group,-lxil,-lgcc,-lc,--end-group
'Finished building target: addersubtractor.elf'
' '
'Invoking: ARM v7 Print Size'
arm-none-eabi-size addersubtractor.elf  |tee "addersubtractor.elf.size"
   text	   data	    bss	    dec	    hex	filename
  70728	   2580	  23328	  96636	  1797c	addersubtractor.elf
'Finished building: addersubtractor.elf.size'
' '
11:34:38 **** Incremental Build of configuration Debug for project addersubtractor ****
make pre-build main-build 
a9-linaro-pre-build-step
' '
make: Nothing to be done for 'main-build'.
11:35:48 **** Incremental Build of configuration Debug for project addersubtractor ****
make pre-build main-build 
a9-linaro-pre-build-step
' '
make: Nothing to be done for 'main-build'.
11:37:59 **** Auto Build of configuration Debug for project addersubtractor ****
make pre-build main-build 
a9-linaro-pre-build-step
' '
'Building file: ../src/addersubtractor.c'
'Invoking: ARM v7 gcc compiler'
arm-none-eabi-gcc -Wall -O0 -g3 -c -fmessage-length=0 -MT"src/addersubtractor.o" -mcpu=cortex-a9 -mfpu=vfpv3 -mfloat-abi=hard -I../../Lab_1_bsp/ps7_cortexa9_0/include -MMD -MP -MF"src/addersubtractor.d" -MT"src/addersubtractor.o" -o "src/addersubtractor.o" "../src/addersubtractor.c"
'Finished building: ../src/addersubtractor.c'
' '
'Building target: addersubtractor.elf'
'Invoking: ARM v7 gcc linker'
arm-none-eabi-gcc -mcpu=cortex-a9 -mfpu=vfpv3 -mfloat-abi=hard -Wl,-build-id=none -specs=Xilinx.spec -Wl,-T -Wl,../src/lscript.ld -L../../Lab_1_bsp/ps7_cortexa9_0/lib -o "addersubtractor.elf"  ./src/addersubtractor.o   -Wl,--start-group,-lxil,-lgcc,-lc,--end-group
'Finished building target: addersubtractor.elf'
' '
'Invoking: ARM v7 Print Size'
arm-none-eabi-size addersubtractor.elf  |tee "addersubtractor.elf.size"
   text	   data	    bss	    dec	    hex	filename
  70728	   2580	  23328	  96636	  1797c	addersubtractor.elf
'Finished building: addersubtractor.elf.size'
' '
11:38:12 **** Incremental Build of configuration Debug for project addersubtractor ****
make pre-build main-build 
a9-linaro-pre-build-step
' '
make: Nothing to be done for 'main-build'.
11:41:18 **** Auto Build of configuration Debug for project addersubtractor ****
make pre-build main-build 
a9-linaro-pre-build-step
' '
'Building file: ../src/addersubtractor.c'
'Invoking: ARM v7 gcc compiler'
arm-none-eabi-gcc -Wall -O0 -g3 -c -fmessage-length=0 -MT"src/addersubtractor.o" -mcpu=cortex-a9 -mfpu=vfpv3 -mfloat-abi=hard -I../../Lab_1_bsp/ps7_cortexa9_0/include -MMD -MP -MF"src/addersubtractor.d" -MT"src/addersubtractor.o" -o "src/addersubtractor.o" "../src/addersubtractor.c"
'Finished building: ../src/addersubtractor.c'
' '
'Building target: addersubtractor.elf'
'Invoking: ARM v7 gcc linker'
arm-none-eabi-gcc -mcpu=cortex-a9 -mfpu=vfpv3 -mfloat-abi=hard -Wl,-build-id=none -specs=Xilinx.spec -Wl,-T -Wl,../src/lscript.ld -L../../Lab_1_bsp/ps7_cortexa9_0/lib -o "addersubtractor.elf"  ./src/addersubtractor.o   -Wl,--start-group,-lxil,-lgcc,-lc,--end-group
'Finished building target: addersubtractor.elf'
' '
'Invoking: ARM v7 Print Size'
arm-none-eabi-size addersubtractor.elf  |tee "addersubtractor.elf.size"
   text	   data	    bss	    dec	    hex	filename
  70736	   2580	  23328	  96644	  17984	addersubtractor.elf
'Finished building: addersubtractor.elf.size'
' '
11:41:28 **** Incremental Build of configuration Debug for project addersubtractor ****
make pre-build main-build 
a9-linaro-pre-build-step
' '
make: Nothing to be done for 'main-build'.
11:42:59 **** Auto Build of configuration Debug for project addersubtractor ****
make pre-build main-build 
a9-linaro-pre-build-step
' '
'Building file: ../src/addersubtractor.c'
'Invoking: ARM v7 gcc compiler'
arm-none-eabi-gcc -Wall -O0 -g3 -c -fmessage-length=0 -MT"src/addersubtractor.o" -mcpu=cortex-a9 -mfpu=vfpv3 -mfloat-abi=hard -I../../Lab_1_bsp/ps7_cortexa9_0/include -MMD -MP -MF"src/addersubtractor.d" -MT"src/addersubtractor.o" -o "src/addersubtractor.o" "../src/addersubtractor.c"
'Finished building: ../src/addersubtractor.c'
' '
'Building target: addersubtractor.elf'
'Invoking: ARM v7 gcc linker'
arm-none-eabi-gcc -mcpu=cortex-a9 -mfpu=vfpv3 -mfloat-abi=hard -Wl,-build-id=none -specs=Xilinx.spec -Wl,-T -Wl,../src/lscript.ld -L../../Lab_1_bsp/ps7_cortexa9_0/lib -o "addersubtractor.elf"  ./src/addersubtractor.o   -Wl,--start-group,-lxil,-lgcc,-lc,--end-group
'Finished building target: addersubtractor.elf'
' '
'Invoking: ARM v7 Print Size'
arm-none-eabi-size addersubtractor.elf  |tee "addersubtractor.elf.size"
   text	   data	    bss	    dec	    hex	filename
  70736	   2580	  23328	  96644	  17984	addersubtractor.elf
'Finished building: addersubtractor.elf.size'
' '
11:43:12 **** Incremental Build of configuration Debug for project addersubtractor ****
make pre-build main-build 
a9-linaro-pre-build-step
' '
make: Nothing to be done for 'main-build'.
11:44:06 **** Auto Build of configuration Debug for project addersubtractor ****
make pre-build main-build 
a9-linaro-pre-build-step
' '
'Building file: ../src/addersubtractor.c'
'Invoking: ARM v7 gcc compiler'
arm-none-eabi-gcc -Wall -O0 -g3 -c -fmessage-length=0 -MT"src/addersubtractor.o" -mcpu=cortex-a9 -mfpu=vfpv3 -mfloat-abi=hard -I../../Lab_1_bsp/ps7_cortexa9_0/include -MMD -MP -MF"src/addersubtractor.d" -MT"src/addersubtractor.o" -o "src/addersubtractor.o" "../src/addersubtractor.c"
'Finished building: ../src/addersubtractor.c'
' '
'Building target: addersubtractor.elf'
'Invoking: ARM v7 gcc linker'
arm-none-eabi-gcc -mcpu=cortex-a9 -mfpu=vfpv3 -mfloat-abi=hard -Wl,-build-id=none -specs=Xilinx.spec -Wl,-T -Wl,../src/lscript.ld -L../../Lab_1_bsp/ps7_cortexa9_0/lib -o "addersubtractor.elf"  ./src/addersubtractor.o   -Wl,--start-group,-lxil,-lgcc,-lc,--end-group
'Finished building target: addersubtractor.elf'
' '
'Invoking: ARM v7 Print Size'
arm-none-eabi-size addersubtractor.elf  |tee "addersubtractor.elf.size"
   text	   data	    bss	    dec	    hex	filename
  70736	   2580	  23328	  96644	  17984	addersubtractor.elf
'Finished building: addersubtractor.elf.size'
' '
11:44:16 **** Incremental Build of configuration Debug for project addersubtractor ****
make pre-build main-build 
a9-linaro-pre-build-step
' '
make: Nothing to be done for 'main-build'.
11:50:04 **** Auto Build of configuration Debug for project addersubtractor ****
make pre-build main-build 
a9-linaro-pre-build-step
' '
'Building file: ../src/addersubtractor.c'
'Invoking: ARM v7 gcc compiler'
arm-none-eabi-gcc -Wall -O0 -g3 -c -fmessage-length=0 -MT"src/addersubtractor.o" -mcpu=cortex-a9 -mfpu=vfpv3 -mfloat-abi=hard -I../../Lab_1_bsp/ps7_cortexa9_0/include -MMD -MP -MF"src/addersubtractor.d" -MT"src/addersubtractor.o" -o "src/addersubtractor.o" "../src/addersubtractor.c"
'Finished building: ../src/addersubtractor.c'
' '
'Building target: addersubtractor.elf'
'Invoking: ARM v7 gcc linker'
arm-none-eabi-gcc -mcpu=cortex-a9 -mfpu=vfpv3 -mfloat-abi=hard -Wl,-build-id=none -specs=Xilinx.spec -Wl,-T -Wl,../src/lscript.ld -L../../Lab_1_bsp/ps7_cortexa9_0/lib -o "addersubtractor.elf"  ./src/addersubtractor.o   -Wl,--start-group,-lxil,-lgcc,-lc,--end-group
'Finished building target: addersubtractor.elf'
' '
'Invoking: ARM v7 Print Size'
arm-none-eabi-size addersubtractor.elf  |tee "addersubtractor.elf.size"
   text	   data	    bss	    dec	    hex	filename
  70864	   2580	  23328	  96772	  17a04	addersubtractor.elf
'Finished building: addersubtractor.elf.size'
' '
11:50:22 **** Incremental Build of configuration Debug for project addersubtractor ****
make pre-build main-build 
a9-linaro-pre-build-step
' '
make: Nothing to be done for 'main-build'.
