17:36:46 **** Auto Build of configuration Debug for project CPU ****
make pre-build main-build 
a9-linaro-pre-build-step
' '
'Building file: ../src/CPU.c'
'Invoking: ARM v7 gcc compiler'
arm-none-eabi-gcc -Wall -O0 -g3 -c -fmessage-length=0 -MT"src/CPU.o" -mcpu=cortex-a9 -mfpu=vfpv3 -mfloat-abi=hard -I../../CPU_bsp/ps7_cortexa9_0/include -MMD -MP -MF"src/CPU.d" -MT"src/CPU.o" -o "src/CPU.o" "../src/CPU.c"
In file included from ../src/CPU.c:3:0:
../../CPU_bsp/ps7_cortexa9_0/include/xtime_l.h:87:9: note: #pragma message: For the sleep routines, Global timer is being used
 #pragma message ("For the sleep routines, Global timer is being used")
         ^~~~~~~
'Finished building: ../src/CPU.c'
' '
'Building target: CPU.elf'
'Invoking: ARM v7 gcc linker'
arm-none-eabi-gcc -mcpu=cortex-a9 -mfpu=vfpv3 -mfloat-abi=hard -Wl,-build-id=none -specs=Xilinx.spec -Wl,-T -Wl,../src/lscript.ld -L../../CPU_bsp/ps7_cortexa9_0/lib -o "CPU.elf"  ./src/CPU.o   -Wl,--start-group,-lxil,-lgcc,-lc,--end-group
'Finished building target: CPU.elf'
' '
'Invoking: ARM v7 Print Size'
arm-none-eabi-size CPU.elf  |tee "CPU.elf.size"
   text	   data	    bss	    dec	    hex	filename
  71452	   2964	  23328	  97744	  17dd0	CPU.elf
'Finished building: CPU.elf.size'
' '

17:36:47 Build Finished (took 1s.287ms)

